2026-01-05T18:44:22.291306Z  INFO tailwindcss_oxide::scanner: Provided sources:
2026-01-05T18:44:22.291820Z  INFO tailwindcss_oxide::scanner: Source: PublicSourceEntry { base: "C:/Users/RATUL/OneDrive/Desktop/Client Work/Nandini", pattern: "**/*", negated: false }
2026-01-05T18:44:22.292978Z  INFO tailwindcss_oxide::scanner: Optimized sources:
2026-01-05T18:44:22.293009Z  INFO tailwindcss_oxide::scanner: Source: Auto { base: "C:\\Users\\RATUL\\OneDrive\\Desktop\\Client Work\\Nandini" }
2026-01-05T18:44:22.299562Z  INFO scan_sources: tailwindcss_oxide::scanner: enter
2026-01-05T18:44:22.303836Z  INFO scan_sources: tailwindcss_oxide::scanner: Discovering "C:\\Users\\RATUL\\OneDrive\\Desktop\\Client Work\\Nandini\\.firebase"
2026-01-05T18:44:22.304355Z  INFO scan_sources: tailwindcss_oxide::scanner: Discovering "C:\\Users\\RATUL\\OneDrive\\Desktop\\Client Work\\Nandini\\.firebase\\hosting.ZGlzdA.cache"
2026-01-05T18:44:22.304765Z  INFO scan_sources: tailwindcss_oxide::scanner: Discovering "C:\\Users\\RATUL\\OneDrive\\Desktop\\Client Work\\Nandini\\.firebaserc"
2026-01-05T18:44:22.305201Z  INFO scan_sources: tailwindcss_oxide::scanner: Discovering "C:\\Users\\RATUL\\OneDrive\\Desktop\\Client Work\\Nandini\\ADSENSE_SETUP_GUIDE.md"
2026-01-05T18:44:22.305664Z  INFO scan_sources: tailwindcss_oxide::scanner: Discovering "C:\\Users\\RATUL\\OneDrive\\Desktop\\Client Work\\Nandini\\AUTH_BACKEND_SETUP.md"
2026-01-05T18:44:22.306083Z  INFO scan_sources: tailwindcss_oxide::scanner: Discovering "C:\\Users\\RATUL\\OneDrive\\Desktop\\Client Work\\Nandini\\BOOKING_AVAILABILITY_GUIDE.md"
2026-01-05T18:44:22.306610Z  INFO scan_sources: tailwindcss_oxide::scanner: Discovering "C:\\Users\\RATUL\\OneDrive\\Desktop\\Client Work\\Nandini\\CONTENT_UPLOAD_GUIDE.md"
2026-01-05T18:44:22.307577Z  INFO scan_sources: tailwindcss_oxide::scanner: Discovering "C:\\Users\\RATUL\\OneDrive\\Desktop\\Client Work\\Nandini\\EMAIL_SETUP_GUIDE.md"
2026-01-05T18:44:22.307972Z  INFO scan_sources: tailwindcss_oxide::scanner: Discovering "C:\\Users\\RATUL\\OneDrive\\Desktop\\Client Work\\Nandini\\FINAL_CLIENT_HANDOVER.md"
2026-01-05T18:44:22.308351Z  INFO scan_sources: tailwindcss_oxide::scanner: Discovering "C:\\Users\\RATUL\\OneDrive\\Desktop\\Client Work\\Nandini\\firebase.json"
2026-01-05T18:44:22.308853Z  INFO scan_sources: tailwindcss_oxide::scanner: Discovering "C:\\Users\\RATUL\\OneDrive\\Desktop\\Client Work\\Nandini\\firestore.indexes.json"
2026-01-05T18:44:22.309508Z  INFO scan_sources: tailwindcss_oxide::scanner: Discovering "C:\\Users\\RATUL\\OneDrive\\Desktop\\Client Work\\Nandini\\firestore.rules"
2026-01-05T18:44:22.312001Z  INFO scan_sources: tailwindcss_oxide::scanner: Discovering "C:\\Users\\RATUL\\OneDrive\\Desktop\\Client Work\\Nandini\\functions"
2026-01-05T18:44:22.312825Z  INFO scan_sources: tailwindcss_oxide::scanner: Discovering "C:\\Users\\RATUL\\OneDrive\\Desktop\\Client Work\\Nandini\\functions\\lib"
2026-01-05T18:44:22.313108Z  INFO scan_sources: tailwindcss_oxide::scanner: Discovering "C:\\Users\\RATUL\\OneDrive\\Desktop\\Client Work\\Nandini\\functions\\lib\\index.js"
2026-01-05T18:44:22.314671Z  INFO scan_sources: tailwindcss_oxide::scanner: Discovering "C:\\Users\\RATUL\\OneDrive\\Desktop\\Client Work\\Nandini\\functions\\package.json"
2026-01-05T18:44:22.315778Z  INFO scan_sources: tailwindcss_oxide::scanner: Discovering "C:\\Users\\RATUL\\OneDrive\\Desktop\\Client Work\\Nandini\\functions\\src"
2026-01-05T18:44:22.316247Z  INFO scan_sources: tailwindcss_oxide::scanner: Discovering "C:\\Users\\RATUL\\OneDrive\\Desktop\\Client Work\\Nandini\\functions\\src\\index.ts"
2026-01-05T18:44:22.316696Z  INFO scan_sources: tailwindcss_oxide::scanner: Discovering "C:\\Users\\RATUL\\OneDrive\\Desktop\\Client Work\\Nandini\\functions\\tsconfig.json"
2026-01-05T18:44:22.317085Z  INFO scan_sources: tailwindcss_oxide::scanner: Discovering "C:\\Users\\RATUL\\OneDrive\\Desktop\\Client Work\\Nandini\\IMPLEMENTATION_STATUS.md"
2026-01-05T18:44:22.317411Z  INFO scan_sources: tailwindcss_oxide::scanner: Discovering "C:\\Users\\RATUL\\OneDrive\\Desktop\\Client Work\\Nandini\\IMPLEMENTATION_SUMMARY.md"
2026-01-05T18:44:22.317544Z  INFO scan_sources: tailwindcss_oxide::scanner: Discovering "C:\\Users\\RATUL\\OneDrive\\Desktop\\Client Work\\Nandini\\index.html"
2026-01-05T18:44:22.317837Z  INFO scan_sources: tailwindcss_oxide::scanner: Discovering "C:\\Users\\RATUL\\OneDrive\\Desktop\\Client Work\\Nandini\\INSTRUCTOR_CONTENT_MANAGEMENT.md"
2026-01-05T18:44:22.318146Z  INFO scan_sources: tailwindcss_oxide::scanner: Discovering "C:\\Users\\RATUL\\OneDrive\\Desktop\\Client Work\\Nandini\\JANUARY_3_2026_CHANGES.md"
2026-01-05T18:44:22.318438Z  INFO scan_sources: tailwindcss_oxide::scanner: Discovering "C:\\Users\\RATUL\\OneDrive\\Desktop\\Client Work\\Nandini\\LATEST_CHANGES_JAN_2_2026.md"
2026-01-05T18:44:22.318642Z  INFO scan_sources: tailwindcss_oxide::scanner: Discovering "C:\\Users\\RATUL\\OneDrive\\Desktop\\Client Work\\Nandini\\package.json"
2026-01-05T18:44:22.318854Z  INFO scan_sources: tailwindcss_oxide::scanner: Discovering "C:\\Users\\RATUL\\OneDrive\\Desktop\\Client Work\\Nandini\\PAYMENT_SETUP_GUIDE.md"
2026-01-05T18:44:22.319065Z  INFO scan_sources: tailwindcss_oxide::scanner: Discovering "C:\\Users\\RATUL\\OneDrive\\Desktop\\Client Work\\Nandini\\PAYMENT_VERIFICATION_GUIDE.md"
2026-01-05T18:44:22.319397Z  INFO scan_sources: tailwindcss_oxide::scanner: Discovering "C:\\Users\\RATUL\\OneDrive\\Desktop\\Client Work\\Nandini\\PRODUCTION_READINESS_CHECKLIST.md"
2026-01-05T18:44:22.319755Z  INFO scan_sources: tailwindcss_oxide::scanner: Discovering "C:\\Users\\RATUL\\OneDrive\\Desktop\\Client Work\\Nandini\\PRODUCTION_VERIFICATION_REPORT.md"
2026-01-05T18:44:22.319852Z  INFO scan_sources: tailwindcss_oxide::scanner: Discovering "C:\\Users\\RATUL\\OneDrive\\Desktop\\Client Work\\Nandini\\PROJECT_STRUCTURE.md"
2026-01-05T18:44:22.319998Z  INFO scan_sources: tailwindcss_oxide::scanner: Discovering "C:\\Users\\RATUL\\OneDrive\\Desktop\\Client Work\\Nandini\\public"
2026-01-05T18:44:22.320762Z  INFO scan_sources: tailwindcss_oxide::scanner: Discovering "C:\\Users\\RATUL\\OneDrive\\Desktop\\Client Work\\Nandini\\public\\assets"
2026-01-05T18:44:22.321660Z  INFO scan_sources: tailwindcss_oxide::scanner: Discovering "C:\\Users\\RATUL\\OneDrive\\Desktop\\Client Work\\Nandini\\public\\assets\\audio"
2026-01-05T18:44:22.323492Z  INFO scan_sources: tailwindcss_oxide::scanner: Discovering "C:\\Users\\RATUL\\OneDrive\\Desktop\\Client Work\\Nandini\\public\\assets\\audio\\pronunciation"
2026-01-05T18:44:22.324721Z  INFO scan_sources: tailwindcss_oxide::scanner: Discovering "C:\\Users\\RATUL\\OneDrive\\Desktop\\Client Work\\Nandini\\public\\assets\\audio\\pronunciation\\bengali"
2026-01-05T18:44:22.325436Z  INFO scan_sources: tailwindcss_oxide::scanner: Discovering "C:\\Users\\RATUL\\OneDrive\\Desktop\\Client Work\\Nandini\\public\\assets\\audio\\pronunciation\\bengali\\letters"
2026-01-05T18:44:22.325872Z  INFO scan_sources: tailwindcss_oxide::scanner: Discovering "C:\\Users\\RATUL\\OneDrive\\Desktop\\Client Work\\Nandini\\public\\assets\\audio\\pronunciation\\bengali\\phrases"
2026-01-05T18:44:22.326228Z  INFO scan_sources: tailwindcss_oxide::scanner: Discovering "C:\\Users\\RATUL\\OneDrive\\Desktop\\Client Work\\Nandini\\public\\assets\\audio\\pronunciation\\bengali\\words"
2026-01-05T18:44:22.326975Z  INFO scan_sources: tailwindcss_oxide::scanner: Discovering "C:\\Users\\RATUL\\OneDrive\\Desktop\\Client Work\\Nandini\\public\\assets\\audio\\pronunciation\\english"
2026-01-05T18:44:22.327504Z  INFO scan_sources: tailwindcss_oxide::scanner: Discovering "C:\\Users\\RATUL\\OneDrive\\Desktop\\Client Work\\Nandini\\public\\assets\\audio\\pronunciation\\english\\letters"
2026-01-05T18:44:22.328025Z  INFO scan_sources: tailwindcss_oxide::scanner: Discovering "C:\\Users\\RATUL\\OneDrive\\Desktop\\Client Work\\Nandini\\public\\assets\\audio\\pronunciation\\english\\phrases"
2026-01-05T18:44:22.328348Z  INFO scan_sources: tailwindcss_oxide::scanner: Discovering "C:\\Users\\RATUL\\OneDrive\\Desktop\\Client Work\\Nandini\\public\\assets\\audio\\pronunciation\\english\\words"
2026-01-05T18:44:22.329142Z  INFO scan_sources: tailwindcss_oxide::scanner: Discovering "C:\\Users\\RATUL\\OneDrive\\Desktop\\Client Work\\Nandini\\public\\assets\\audio\\pronunciation\\hindi"
2026-01-05T18:44:22.329803Z  INFO scan_sources: tailwindcss_oxide::scanner: Discovering "C:\\Users\\RATUL\\OneDrive\\Desktop\\Client Work\\Nandini\\public\\assets\\audio\\pronunciation\\hindi\\letters"
2026-01-05T18:44:22.330470Z  INFO scan_sources: tailwindcss_oxide::scanner: Discovering "C:\\Users\\RATUL\\OneDrive\\Desktop\\Client Work\\Nandini\\public\\assets\\audio\\pronunciation\\hindi\\phrases"
2026-01-05T18:44:22.330897Z  INFO scan_sources: tailwindcss_oxide::scanner: Discovering "C:\\Users\\RATUL\\OneDrive\\Desktop\\Client Work\\Nandini\\public\\assets\\audio\\pronunciation\\hindi\\words"
2026-01-05T18:44:22.331721Z  INFO scan_sources: tailwindcss_oxide::scanner: Discovering "C:\\Users\\RATUL\\OneDrive\\Desktop\\Client Work\\Nandini\\public\\assets\\data"
2026-01-05T18:44:22.332366Z  INFO scan_sources: tailwindcss_oxide::scanner: Discovering "C:\\Users\\RATUL\\OneDrive\\Desktop\\Client Work\\Nandini\\public\\assets\\data\\pronunciation-seed"
2026-01-05T18:44:22.333049Z  INFO scan_sources: tailwindcss_oxide::scanner: Discovering "C:\\Users\\RATUL\\OneDrive\\Desktop\\Client Work\\Nandini\\public\\assets\\data\\pronunciation-seed\\bengali"
2026-01-05T18:44:22.333337Z  INFO scan_sources: tailwindcss_oxide::scanner: Discovering "C:\\Users\\RATUL\\OneDrive\\Desktop\\Client Work\\Nandini\\public\\assets\\data\\pronunciation-seed\\bengali\\sentence.json"
2026-01-05T18:44:22.333439Z  INFO scan_sources: tailwindcss_oxide::scanner: Discovering "C:\\Users\\RATUL\\OneDrive\\Desktop\\Client Work\\Nandini\\public\\assets\\data\\pronunciation-seed\\bengali\\word.json"
2026-01-05T18:44:22.334300Z  INFO scan_sources: tailwindcss_oxide::scanner: Discovering "C:\\Users\\RATUL\\OneDrive\\Desktop\\Client Work\\Nandini\\public\\assets\\data\\pronunciation-seed\\english"
2026-01-05T18:44:22.334856Z  INFO scan_sources: tailwindcss_oxide::scanner: Discovering "C:\\Users\\RATUL\\OneDrive\\Desktop\\Client Work\\Nandini\\public\\assets\\data\\pronunciation-seed\\english\\sentence.json"
2026-01-05T18:44:22.335184Z  INFO scan_sources: tailwindcss_oxide::scanner: Discovering "C:\\Users\\RATUL\\OneDrive\\Desktop\\Client Work\\Nandini\\public\\assets\\data\\pronunciation-seed\\english\\word.json"
2026-01-05T18:44:22.336174Z  INFO scan_sources: tailwindcss_oxide::scanner: Discovering "C:\\Users\\RATUL\\OneDrive\\Desktop\\Client Work\\Nandini\\public\\assets\\data\\pronunciation-seed\\hindi"
2026-01-05T18:44:22.336688Z  INFO scan_sources: tailwindcss_oxide::scanner: Discovering "C:\\Users\\RATUL\\OneDrive\\Desktop\\Client Work\\Nandini\\public\\assets\\data\\pronunciation-seed\\hindi\\sentence.json"
2026-01-05T18:44:22.337010Z  INFO scan_sources: tailwindcss_oxide::scanner: Discovering "C:\\Users\\RATUL\\OneDrive\\Desktop\\Client Work\\Nandini\\public\\assets\\data\\pronunciation-seed\\hindi\\word.json"
2026-01-05T18:44:22.337573Z  INFO scan_sources: tailwindcss_oxide::scanner: Discovering "C:\\Users\\RATUL\\OneDrive\\Desktop\\Client Work\\Nandini\\public\\assets\\documents"
2026-01-05T18:44:22.338226Z  INFO scan_sources: tailwindcss_oxide::scanner: Discovering "C:\\Users\\RATUL\\OneDrive\\Desktop\\Client Work\\Nandini\\public\\assets\\documents\\practice-pdfs"
2026-01-05T18:44:22.338458Z  INFO scan_sources: tailwindcss_oxide::scanner: Discovering "C:\\Users\\RATUL\\OneDrive\\Desktop\\Client Work\\Nandini\\public\\assets\\documents\\practice-pdfs\\bengali"
2026-01-05T18:44:22.338802Z  INFO scan_sources: tailwindcss_oxide::scanner: Discovering "C:\\Users\\RATUL\\OneDrive\\Desktop\\Client Work\\Nandini\\public\\assets\\documents\\practice-pdfs\\english"
2026-01-05T18:44:22.338999Z  INFO scan_sources: tailwindcss_oxide::scanner: Discovering "C:\\Users\\RATUL\\OneDrive\\Desktop\\Client Work\\Nandini\\public\\assets\\documents\\practice-pdfs\\hindi"
2026-01-05T18:44:22.339739Z  INFO scan_sources: tailwindcss_oxide::scanner: Discovering "C:\\Users\\RATUL\\OneDrive\\Desktop\\Client Work\\Nandini\\public\\assets\\documents\\practice-problems"
2026-01-05T18:44:22.340084Z  INFO scan_sources: tailwindcss_oxide::scanner: Discovering "C:\\Users\\RATUL\\OneDrive\\Desktop\\Client Work\\Nandini\\public\\assets\\documents\\practice-problems\\bengali"
2026-01-05T18:44:22.340400Z  INFO scan_sources: tailwindcss_oxide::scanner: Discovering "C:\\Users\\RATUL\\OneDrive\\Desktop\\Client Work\\Nandini\\public\\assets\\documents\\practice-problems\\english"
2026-01-05T18:44:22.340588Z  INFO scan_sources: tailwindcss_oxide::scanner: Discovering "C:\\Users\\RATUL\\OneDrive\\Desktop\\Client Work\\Nandini\\public\\assets\\documents\\practice-problems\\hindi"
2026-01-05T18:44:22.340841Z  INFO scan_sources: tailwindcss_oxide::scanner: Discovering "C:\\Users\\RATUL\\OneDrive\\Desktop\\Client Work\\Nandini\\public\\assets\\fonts"
2026-01-05T18:44:22.341190Z  INFO scan_sources: tailwindcss_oxide::scanner: Discovering "C:\\Users\\RATUL\\OneDrive\\Desktop\\Client Work\\Nandini\\public\\assets\\icons"
2026-01-05T18:44:22.342235Z  INFO scan_sources: tailwindcss_oxide::scanner: Discovering "C:\\Users\\RATUL\\OneDrive\\Desktop\\Client Work\\Nandini\\public\\assets\\images"
2026-01-05T18:44:22.342884Z  INFO scan_sources: tailwindcss_oxide::scanner: Discovering "C:\\Users\\RATUL\\OneDrive\\Desktop\\Client Work\\Nandini\\public\\assets\\images\\reviews"
2026-01-05T18:44:22.343315Z  INFO scan_sources: tailwindcss_oxide::scanner: Discovering "C:\\Users\\RATUL\\OneDrive\\Desktop\\Client Work\\Nandini\\public\\assets\\README.md"
2026-01-05T18:44:22.343909Z  INFO scan_sources: tailwindcss_oxide::scanner: Discovering "C:\\Users\\RATUL\\OneDrive\\Desktop\\Client Work\\Nandini\\public\\assets\\videos"
2026-01-05T18:44:22.344563Z  INFO scan_sources: tailwindcss_oxide::scanner: Discovering "C:\\Users\\RATUL\\OneDrive\\Desktop\\Client Work\\Nandini\\public\\assets\\videos\\recorded-lectures"
2026-01-05T18:44:22.344777Z  INFO scan_sources: tailwindcss_oxide::scanner: Discovering "C:\\Users\\RATUL\\OneDrive\\Desktop\\Client Work\\Nandini\\public\\assets\\videos\\recorded-lectures\\bengali"
2026-01-05T18:44:22.344993Z  INFO scan_sources: tailwindcss_oxide::scanner: Discovering "C:\\Users\\RATUL\\OneDrive\\Desktop\\Client Work\\Nandini\\public\\assets\\videos\\recorded-lectures\\english"
2026-01-05T18:44:22.345193Z  INFO scan_sources: tailwindcss_oxide::scanner: Discovering "C:\\Users\\RATUL\\OneDrive\\Desktop\\Client Work\\Nandini\\public\\assets\\videos\\recorded-lectures\\hindi"
2026-01-05T18:44:22.345655Z  INFO scan_sources: tailwindcss_oxide::scanner: Discovering "C:\\Users\\RATUL\\OneDrive\\Desktop\\Client Work\\Nandini\\QUICK_DEPLOY.md"
2026-01-05T18:44:22.346032Z  INFO scan_sources: tailwindcss_oxide::scanner: Discovering "C:\\Users\\RATUL\\OneDrive\\Desktop\\Client Work\\Nandini\\QUICK_START.md"
2026-01-05T18:44:22.346353Z  INFO scan_sources: tailwindcss_oxide::scanner: Discovering "C:\\Users\\RATUL\\OneDrive\\Desktop\\Client Work\\Nandini\\README.md"
2026-01-05T18:44:22.346558Z  INFO scan_sources: tailwindcss_oxide::scanner: Discovering "C:\\Users\\RATUL\\OneDrive\\Desktop\\Client Work\\Nandini\\SCHEDULED_CLASSES_GUIDE.md"
2026-01-05T18:44:22.347528Z  INFO scan_sources: tailwindcss_oxide::scanner: Discovering "C:\\Users\\RATUL\\OneDrive\\Desktop\\Client Work\\Nandini\\scripts"
2026-01-05T18:44:22.347997Z  INFO scan_sources: tailwindcss_oxide::scanner: Discovering "C:\\Users\\RATUL\\OneDrive\\Desktop\\Client Work\\Nandini\\scripts\\add-initial-content.mjs"
2026-01-05T18:44:22.348323Z  INFO scan_sources: tailwindcss_oxide::scanner: Discovering "C:\\Users\\RATUL\\OneDrive\\Desktop\\Client Work\\Nandini\\scripts\\generate-pronunciation-seed.mjs"
2026-01-05T18:44:22.348528Z  INFO scan_sources: tailwindcss_oxide::scanner: Discovering "C:\\Users\\RATUL\\OneDrive\\Desktop\\Client Work\\Nandini\\scripts\\test_gemini_models.js"
2026-01-05T18:44:22.349166Z  INFO scan_sources: tailwindcss_oxide::scanner: Discovering "C:\\Users\\RATUL\\OneDrive\\Desktop\\Client Work\\Nandini\\SELF_HOSTED_JITSI_JWT_SETUP.md"
2026-01-05T18:44:22.349313Z  INFO scan_sources: tailwindcss_oxide::scanner: Discovering "C:\\Users\\RATUL\\OneDrive\\Desktop\\Client Work\\Nandini\\src"
2026-01-05T18:44:22.349491Z  INFO scan_sources: tailwindcss_oxide::scanner: Discovering "C:\\Users\\RATUL\\OneDrive\\Desktop\\Client Work\\Nandini\\src\\App.tsx"
2026-01-05T18:44:22.350353Z  INFO scan_sources: tailwindcss_oxide::scanner: Discovering "C:\\Users\\RATUL\\OneDrive\\Desktop\\Client Work\\Nandini\\src\\components"
2026-01-05T18:44:22.350888Z  INFO scan_sources: tailwindcss_oxide::scanner: Discovering "C:\\Users\\RATUL\\OneDrive\\Desktop\\Client Work\\Nandini\\src\\components\\AdBanner.tsx"
2026-01-05T18:44:22.351199Z  INFO scan_sources: tailwindcss_oxide::scanner: Discovering "C:\\Users\\RATUL\\OneDrive\\Desktop\\Client Work\\Nandini\\src\\components\\AILanguageChat.tsx"
2026-01-05T18:44:22.351428Z  INFO scan_sources: tailwindcss_oxide::scanner: Discovering "C:\\Users\\RATUL\\OneDrive\\Desktop\\Client Work\\Nandini\\src\\components\\AuthPage.tsx"
2026-01-05T18:44:22.351528Z  INFO scan_sources: tailwindcss_oxide::scanner: Discovering "C:\\Users\\RATUL\\OneDrive\\Desktop\\Client Work\\Nandini\\src\\components\\BookingModal.tsx"
2026-01-05T18:44:22.352020Z  INFO scan_sources: tailwindcss_oxide::scanner: Discovering "C:\\Users\\RATUL\\OneDrive\\Desktop\\Client Work\\Nandini\\src\\components\\figma"
2026-01-05T18:44:22.352172Z  INFO scan_sources: tailwindcss_oxide::scanner: Discovering "C:\\Users\\RATUL\\OneDrive\\Desktop\\Client Work\\Nandini\\src\\components\\figma\\ImageWithFallback.tsx"
2026-01-05T18:44:22.352466Z  INFO scan_sources: tailwindcss_oxide::scanner: Discovering "C:\\Users\\RATUL\\OneDrive\\Desktop\\Client Work\\Nandini\\src\\components\\InstructorPracticeAdmin.tsx"
2026-01-05T18:44:22.352752Z  INFO scan_sources: tailwindcss_oxide::scanner: Discovering "C:\\Users\\RATUL\\OneDrive\\Desktop\\Client Work\\Nandini\\src\\components\\JitsiMeet.tsx"
2026-01-05T18:44:22.352991Z  INFO scan_sources: tailwindcss_oxide::scanner: Discovering "C:\\Users\\RATUL\\OneDrive\\Desktop\\Client Work\\Nandini\\src\\components\\LandingPage.tsx"
2026-01-05T18:44:22.353220Z  INFO scan_sources: tailwindcss_oxide::scanner: Discovering "C:\\Users\\RATUL\\OneDrive\\Desktop\\Client Work\\Nandini\\src\\components\\LessonContentEditor.tsx"
2026-01-05T18:44:22.353462Z  INFO scan_sources: tailwindcss_oxide::scanner: Discovering "C:\\Users\\RATUL\\OneDrive\\Desktop\\Client Work\\Nandini\\src\\components\\LessonPaymentModal.tsx"
2026-01-05T18:44:22.353703Z  INFO scan_sources: tailwindcss_oxide::scanner: Discovering "C:\\Users\\RATUL\\OneDrive\\Desktop\\Client Work\\Nandini\\src\\components\\LiveClass.tsx"
2026-01-05T18:44:22.353798Z  INFO scan_sources: tailwindcss_oxide::scanner: Discovering "C:\\Users\\RATUL\\OneDrive\\Desktop\\Client Work\\Nandini\\src\\components\\PaymentAdmin.tsx"
2026-01-05T18:44:22.354027Z  INFO scan_sources: tailwindcss_oxide::scanner: Discovering "C:\\Users\\RATUL\\OneDrive\\Desktop\\Client Work\\Nandini\\src\\components\\PremiumPaymentModal.tsx"
2026-01-05T18:44:22.354513Z  INFO scan_sources: tailwindcss_oxide::scanner: Discovering "C:\\Users\\RATUL\\OneDrive\\Desktop\\Client Work\\Nandini\\src\\components\\PronunciationPractice.tsx"
2026-01-05T18:44:22.354853Z  INFO scan_sources: tailwindcss_oxide::scanner: Discovering "C:\\Users\\RATUL\\OneDrive\\Desktop\\Client Work\\Nandini\\src\\components\\Sidebar.tsx"
2026-01-05T18:44:22.355141Z  INFO scan_sources: tailwindcss_oxide::scanner: Discovering "C:\\Users\\RATUL\\OneDrive\\Desktop\\Client Work\\Nandini\\src\\components\\StudentDashboard.tsx"
2026-01-05T18:44:22.355473Z  INFO scan_sources: tailwindcss_oxide::scanner: Discovering "C:\\Users\\RATUL\\OneDrive\\Desktop\\Client Work\\Nandini\\src\\components\\TeacherAvailability.tsx"
2026-01-05T18:44:22.355594Z  INFO scan_sources: tailwindcss_oxide::scanner: Discovering "C:\\Users\\RATUL\\OneDrive\\Desktop\\Client Work\\Nandini\\src\\components\\TeacherDashboard.tsx"
2026-01-05T18:44:22.355807Z  INFO scan_sources: tailwindcss_oxide::scanner: Discovering "C:\\Users\\RATUL\\OneDrive\\Desktop\\Client Work\\Nandini\\src\\components\\ThreeHeroBackground.tsx"
2026-01-05T18:44:22.356509Z  INFO scan_sources: tailwindcss_oxide::scanner: Discovering "C:\\Users\\RATUL\\OneDrive\\Desktop\\Client Work\\Nandini\\src\\components\\ui"
2026-01-05T18:44:22.357192Z  INFO scan_sources: tailwindcss_oxide::scanner: Discovering "C:\\Users\\RATUL\\OneDrive\\Desktop\\Client Work\\Nandini\\src\\components\\ui\\accordion.tsx"
2026-01-05T18:44:22.357292Z  INFO scan_sources: tailwindcss_oxide::scanner: Discovering "C:\\Users\\RATUL\\OneDrive\\Desktop\\Client Work\\Nandini\\src\\components\\ui\\alert-dialog.tsx"
2026-01-05T18:44:22.357375Z  INFO scan_sources: tailwindcss_oxide::scanner: Discovering "C:\\Users\\RATUL\\OneDrive\\Desktop\\Client Work\\Nandini\\src\\components\\ui\\alert.tsx"
2026-01-05T18:44:22.357736Z  INFO scan_sources: tailwindcss_oxide::scanner: Discovering "C:\\Users\\RATUL\\OneDrive\\Desktop\\Client Work\\Nandini\\src\\components\\ui\\aspect-ratio.tsx"
2026-01-05T18:44:22.358165Z  INFO scan_sources: tailwindcss_oxide::scanner: Discovering "C:\\Users\\RATUL\\OneDrive\\Desktop\\Client Work\\Nandini\\src\\components\\ui\\avatar.tsx"
2026-01-05T18:44:22.358472Z  INFO scan_sources: tailwindcss_oxide::scanner: Discovering "C:\\Users\\RATUL\\OneDrive\\Desktop\\Client Work\\Nandini\\src\\components\\ui\\badge.tsx"
2026-01-05T18:44:22.358754Z  INFO scan_sources: tailwindcss_oxide::scanner: Discovering "C:\\Users\\RATUL\\OneDrive\\Desktop\\Client Work\\Nandini\\src\\components\\ui\\breadcrumb.tsx"
2026-01-05T18:44:22.358990Z  INFO scan_sources: tailwindcss_oxide::scanner: Discovering "C:\\Users\\RATUL\\OneDrive\\Desktop\\Client Work\\Nandini\\src\\components\\ui\\button.tsx"
2026-01-05T18:44:22.359324Z  INFO scan_sources: tailwindcss_oxide::scanner: Discovering "C:\\Users\\RATUL\\OneDrive\\Desktop\\Client Work\\Nandini\\src\\components\\ui\\calendar.tsx"
2026-01-05T18:44:22.359434Z  INFO scan_sources: tailwindcss_oxide::scanner: Discovering "C:\\Users\\RATUL\\OneDrive\\Desktop\\Client Work\\Nandini\\src\\components\\ui\\card.tsx"
2026-01-05T18:44:22.359519Z  INFO scan_sources: tailwindcss_oxide::scanner: Discovering "C:\\Users\\RATUL\\OneDrive\\Desktop\\Client Work\\Nandini\\src\\components\\ui\\carousel.tsx"
2026-01-05T18:44:22.359600Z  INFO scan_sources: tailwindcss_oxide::scanner: Discovering "C:\\Users\\RATUL\\OneDrive\\Desktop\\Client Work\\Nandini\\src\\components\\ui\\chart.tsx"
2026-01-05T18:44:22.359920Z  INFO scan_sources: tailwindcss_oxide::scanner: Discovering "C:\\Users\\RATUL\\OneDrive\\Desktop\\Client Work\\Nandini\\src\\components\\ui\\checkbox.tsx"
2026-01-05T18:44:22.360113Z  INFO scan_sources: tailwindcss_oxide::scanner: Discovering "C:\\Users\\RATUL\\OneDrive\\Desktop\\Client Work\\Nandini\\src\\components\\ui\\collapsible.tsx"
2026-01-05T18:44:22.360270Z  INFO scan_sources: tailwindcss_oxide::scanner: Discovering "C:\\Users\\RATUL\\OneDrive\\Desktop\\Client Work\\Nandini\\src\\components\\ui\\command.tsx"
2026-01-05T18:44:22.360397Z  INFO scan_sources: tailwindcss_oxide::scanner: Discovering "C:\\Users\\RATUL\\OneDrive\\Desktop\\Client Work\\Nandini\\src\\components\\ui\\context-menu.tsx"
2026-01-05T18:44:22.360716Z  INFO scan_sources: tailwindcss_oxide::scanner: Discovering "C:\\Users\\RATUL\\OneDrive\\Desktop\\Client Work\\Nandini\\src\\components\\ui\\dialog.tsx"
2026-01-05T18:44:22.360887Z  INFO scan_sources: tailwindcss_oxide::scanner: Discovering "C:\\Users\\RATUL\\OneDrive\\Desktop\\Client Work\\Nandini\\src\\components\\ui\\drawer.tsx"
2026-01-05T18:44:22.361044Z  INFO scan_sources: tailwindcss_oxide::scanner: Discovering "C:\\Users\\RATUL\\OneDrive\\Desktop\\Client Work\\Nandini\\src\\components\\ui\\dropdown-menu.tsx"
2026-01-05T18:44:22.361191Z  INFO scan_sources: tailwindcss_oxide::scanner: Discovering "C:\\Users\\RATUL\\OneDrive\\Desktop\\Client Work\\Nandini\\src\\components\\ui\\form.tsx"
2026-01-05T18:44:22.361539Z  INFO scan_sources: tailwindcss_oxide::scanner: Discovering "C:\\Users\\RATUL\\OneDrive\\Desktop\\Client Work\\Nandini\\src\\components\\ui\\hover-card.tsx"
2026-01-05T18:44:22.361697Z  INFO scan_sources: tailwindcss_oxide::scanner: Discovering "C:\\Users\\RATUL\\OneDrive\\Desktop\\Client Work\\Nandini\\src\\components\\ui\\input-otp.tsx"
2026-01-05T18:44:22.361835Z  INFO scan_sources: tailwindcss_oxide::scanner: Discovering "C:\\Users\\RATUL\\OneDrive\\Desktop\\Client Work\\Nandini\\src\\components\\ui\\input.tsx"
2026-01-05T18:44:22.362292Z  INFO scan_sources: tailwindcss_oxide::scanner: Discovering "C:\\Users\\RATUL\\OneDrive\\Desktop\\Client Work\\Nandini\\src\\components\\ui\\label.tsx"
2026-01-05T18:44:22.362685Z  INFO scan_sources: tailwindcss_oxide::scanner: Discovering "C:\\Users\\RATUL\\OneDrive\\Desktop\\Client Work\\Nandini\\src\\components\\ui\\menubar.tsx"
2026-01-05T18:44:22.362882Z  INFO scan_sources: tailwindcss_oxide::scanner: Discovering "C:\\Users\\RATUL\\OneDrive\\Desktop\\Client Work\\Nandini\\src\\components\\ui\\navigation-menu.tsx"
2026-01-05T18:44:22.363045Z  INFO scan_sources: tailwindcss_oxide::scanner: Discovering "C:\\Users\\RATUL\\OneDrive\\Desktop\\Client Work\\Nandini\\src\\components\\ui\\pagination.tsx"
2026-01-05T18:44:22.363144Z  INFO scan_sources: tailwindcss_oxide::scanner: Discovering "C:\\Users\\RATUL\\OneDrive\\Desktop\\Client Work\\Nandini\\src\\components\\ui\\popover.tsx"
2026-01-05T18:44:22.363379Z  INFO scan_sources: tailwindcss_oxide::scanner: Discovering "C:\\Users\\RATUL\\OneDrive\\Desktop\\Client Work\\Nandini\\src\\components\\ui\\progress.tsx"
2026-01-05T18:44:22.363479Z  INFO scan_sources: tailwindcss_oxide::scanner: Discovering "C:\\Users\\RATUL\\OneDrive\\Desktop\\Client Work\\Nandini\\src\\components\\ui\\radio-group.tsx"
2026-01-05T18:44:22.363821Z  INFO scan_sources: tailwindcss_oxide::scanner: Discovering "C:\\Users\\RATUL\\OneDrive\\Desktop\\Client Work\\Nandini\\src\\components\\ui\\resizable.tsx"
2026-01-05T18:44:22.363927Z  INFO scan_sources: tailwindcss_oxide::scanner: Discovering "C:\\Users\\RATUL\\OneDrive\\Desktop\\Client Work\\Nandini\\src\\components\\ui\\scroll-area.tsx"
2026-01-05T18:44:22.364228Z  INFO scan_sources: tailwindcss_oxide::scanner: Discovering "C:\\Users\\RATUL\\OneDrive\\Desktop\\Client Work\\Nandini\\src\\components\\ui\\select.tsx"
2026-01-05T18:44:22.364419Z  INFO scan_sources: tailwindcss_oxide::scanner: Discovering "C:\\Users\\RATUL\\OneDrive\\Desktop\\Client Work\\Nandini\\src\\components\\ui\\separator.tsx"
2026-01-05T18:44:22.364573Z  INFO scan_sources: tailwindcss_oxide::scanner: Discovering "C:\\Users\\RATUL\\OneDrive\\Desktop\\Client Work\\Nandini\\src\\components\\ui\\sheet.tsx"
2026-01-05T18:44:22.364726Z  INFO scan_sources: tailwindcss_oxide::scanner: Discovering "C:\\Users\\RATUL\\OneDrive\\Desktop\\Client Work\\Nandini\\src\\components\\ui\\sidebar.tsx"
2026-01-05T18:44:22.365080Z  INFO scan_sources: tailwindcss_oxide::scanner: Discovering "C:\\Users\\RATUL\\OneDrive\\Desktop\\Client Work\\Nandini\\src\\components\\ui\\skeleton.tsx"
2026-01-05T18:44:22.365225Z  INFO scan_sources: tailwindcss_oxide::scanner: Discovering "C:\\Users\\RATUL\\OneDrive\\Desktop\\Client Work\\Nandini\\src\\components\\ui\\slider.tsx"
2026-01-05T18:44:22.365649Z  INFO scan_sources: tailwindcss_oxide::scanner: Discovering "C:\\Users\\RATUL\\OneDrive\\Desktop\\Client Work\\Nandini\\src\\components\\ui\\sonner.tsx"
2026-01-05T18:44:22.365909Z  INFO scan_sources: tailwindcss_oxide::scanner: Discovering "C:\\Users\\RATUL\\OneDrive\\Desktop\\Client Work\\Nandini\\src\\components\\ui\\switch.tsx"
2026-01-05T18:44:22.366221Z  INFO scan_sources: tailwindcss_oxide::scanner: Discovering "C:\\Users\\RATUL\\OneDrive\\Desktop\\Client Work\\Nandini\\src\\components\\ui\\table.tsx"
2026-01-05T18:44:22.366338Z  INFO scan_sources: tailwindcss_oxide::scanner: Discovering "C:\\Users\\RATUL\\OneDrive\\Desktop\\Client Work\\Nandini\\src\\components\\ui\\tabs.tsx"
2026-01-05T18:44:22.366484Z  INFO scan_sources: tailwindcss_oxide::scanner: Discovering "C:\\Users\\RATUL\\OneDrive\\Desktop\\Client Work\\Nandini\\src\\components\\ui\\textarea.tsx"
2026-01-05T18:44:22.366624Z  INFO scan_sources: tailwindcss_oxide::scanner: Discovering "C:\\Users\\RATUL\\OneDrive\\Desktop\\Client Work\\Nandini\\src\\components\\ui\\toggle-group.tsx"
2026-01-05T18:44:22.366951Z  INFO scan_sources: tailwindcss_oxide::scanner: Discovering "C:\\Users\\RATUL\\OneDrive\\Desktop\\Client Work\\Nandini\\src\\components\\ui\\toggle.tsx"
2026-01-05T18:44:22.367119Z  INFO scan_sources: tailwindcss_oxide::scanner: Discovering "C:\\Users\\RATUL\\OneDrive\\Desktop\\Client Work\\Nandini\\src\\components\\ui\\tooltip.tsx"
2026-01-05T18:44:22.367548Z  INFO scan_sources: tailwindcss_oxide::scanner: Discovering "C:\\Users\\RATUL\\OneDrive\\Desktop\\Client Work\\Nandini\\src\\components\\ui\\use-mobile.ts"
2026-01-05T18:44:22.368025Z  INFO scan_sources: tailwindcss_oxide::scanner: Discovering "C:\\Users\\RATUL\\OneDrive\\Desktop\\Client Work\\Nandini\\src\\components\\ui\\utils.ts"
2026-01-05T18:44:22.368483Z  INFO scan_sources: tailwindcss_oxide::scanner: Discovering "C:\\Users\\RATUL\\OneDrive\\Desktop\\Client Work\\Nandini\\src\\context"
2026-01-05T18:44:22.368703Z  INFO scan_sources: tailwindcss_oxide::scanner: Discovering "C:\\Users\\RATUL\\OneDrive\\Desktop\\Client Work\\Nandini\\src\\context\\AuthContext.tsx"
2026-01-05T18:44:22.369545Z  INFO scan_sources: tailwindcss_oxide::scanner: Discovering "C:\\Users\\RATUL\\OneDrive\\Desktop\\Client Work\\Nandini\\src\\data"
2026-01-05T18:44:22.369838Z  INFO scan_sources: tailwindcss_oxide::scanner: Discovering "C:\\Users\\RATUL\\OneDrive\\Desktop\\Client Work\\Nandini\\src\\data\\lessonContent.ts"
2026-01-05T18:44:22.369966Z  INFO scan_sources: tailwindcss_oxide::scanner: Discovering "C:\\Users\\RATUL\\OneDrive\\Desktop\\Client Work\\Nandini\\src\\data\\nandini.ts"
2026-01-05T18:44:22.370498Z  INFO scan_sources: tailwindcss_oxide::scanner: Discovering "C:\\Users\\RATUL\\OneDrive\\Desktop\\Client Work\\Nandini\\src\\data\\phrasebook.ts"
2026-01-05T18:44:22.370909Z  INFO scan_sources: tailwindcss_oxide::scanner: Discovering "C:\\Users\\RATUL\\OneDrive\\Desktop\\Client Work\\Nandini\\src\\data\\pronunciationSeed.ts"
2026-01-05T18:44:22.371427Z  INFO scan_sources: tailwindcss_oxide::scanner: Discovering "C:\\Users\\RATUL\\OneDrive\\Desktop\\Client Work\\Nandini\\src\\data\\pronunciationSeedLoader.ts"
2026-01-05T18:44:22.372021Z  INFO scan_sources: tailwindcss_oxide::scanner: Discovering "C:\\Users\\RATUL\\OneDrive\\Desktop\\Client Work\\Nandini\\src\\data\\testimonials.ts"
2026-01-05T18:44:22.372166Z  INFO scan_sources: tailwindcss_oxide::scanner: Discovering "C:\\Users\\RATUL\\OneDrive\\Desktop\\Client Work\\Nandini\\src\\globals.css"
2026-01-05T18:44:22.372223Z  INFO scan_sources: tailwindcss_oxide::scanner: Discovering "C:\\Users\\RATUL\\OneDrive\\Desktop\\Client Work\\Nandini\\src\\index.css"
2026-01-05T18:44:22.372766Z  INFO scan_sources: tailwindcss_oxide::scanner: Discovering "C:\\Users\\RATUL\\OneDrive\\Desktop\\Client Work\\Nandini\\src\\lib"
2026-01-05T18:44:22.373132Z  INFO scan_sources: tailwindcss_oxide::scanner: Discovering "C:\\Users\\RATUL\\OneDrive\\Desktop\\Client Work\\Nandini\\src\\lib\\ai.ts"
2026-01-05T18:44:22.373359Z  INFO scan_sources: tailwindcss_oxide::scanner: Discovering "C:\\Users\\RATUL\\OneDrive\\Desktop\\Client Work\\Nandini\\src\\lib\\auth.ts"
2026-01-05T18:44:22.373603Z  INFO scan_sources: tailwindcss_oxide::scanner: Discovering "C:\\Users\\RATUL\\OneDrive\\Desktop\\Client Work\\Nandini\\src\\lib\\bookings.ts"
2026-01-05T18:44:22.374090Z  INFO scan_sources: tailwindcss_oxide::scanner: Discovering "C:\\Users\\RATUL\\OneDrive\\Desktop\\Client Work\\Nandini\\src\\lib\\courseMeetings.ts"
2026-01-05T18:44:22.374354Z  INFO scan_sources: tailwindcss_oxide::scanner: Discovering "C:\\Users\\RATUL\\OneDrive\\Desktop\\Client Work\\Nandini\\src\\lib\\courses.ts"
2026-01-05T18:44:22.374461Z  INFO scan_sources: tailwindcss_oxide::scanner: Discovering "C:\\Users\\RATUL\\OneDrive\\Desktop\\Client Work\\Nandini\\src\\lib\\firebase.ts"
2026-01-05T18:44:22.374891Z  INFO scan_sources: tailwindcss_oxide::scanner: Discovering "C:\\Users\\RATUL\\OneDrive\\Desktop\\Client Work\\Nandini\\src\\lib\\functions.ts"
2026-01-05T18:44:22.375165Z  INFO scan_sources: tailwindcss_oxide::scanner: Discovering "C:\\Users\\RATUL\\OneDrive\\Desktop\\Client Work\\Nandini\\src\\lib\\homework.ts"
2026-01-05T18:44:22.375631Z  INFO scan_sources: tailwindcss_oxide::scanner: Discovering "C:\\Users\\RATUL\\OneDrive\\Desktop\\Client Work\\Nandini\\src\\lib\\jitsi.ts"
2026-01-05T18:44:22.376206Z  INFO scan_sources: tailwindcss_oxide::scanner: Discovering "C:\\Users\\RATUL\\OneDrive\\Desktop\\Client Work\\Nandini\\src\\lib\\jitsiJwt.ts"
2026-01-05T18:44:22.376588Z  INFO scan_sources: tailwindcss_oxide::scanner: Discovering "C:\\Users\\RATUL\\OneDrive\\Desktop\\Client Work\\Nandini\\src\\lib\\lessonManagement.ts"
2026-01-05T18:44:22.376806Z  INFO scan_sources: tailwindcss_oxide::scanner: Discovering "C:\\Users\\RATUL\\OneDrive\\Desktop\\Client Work\\Nandini\\src\\lib\\live.ts"
2026-01-05T18:44:22.376990Z  INFO scan_sources: tailwindcss_oxide::scanner: Discovering "C:\\Users\\RATUL\\OneDrive\\Desktop\\Client Work\\Nandini\\src\\lib\\moderation.ts"
2026-01-05T18:44:22.377085Z  INFO scan_sources: tailwindcss_oxide::scanner: Discovering "C:\\Users\\RATUL\\OneDrive\\Desktop\\Client Work\\Nandini\\src\\lib\\payments.ts"
2026-01-05T18:44:22.377452Z  INFO scan_sources: tailwindcss_oxide::scanner: Discovering "C:\\Users\\RATUL\\OneDrive\\Desktop\\Client Work\\Nandini\\src\\lib\\pronunciation.ts"
2026-01-05T18:44:22.377657Z  INFO scan_sources: tailwindcss_oxide::scanner: Discovering "C:\\Users\\RATUL\\OneDrive\\Desktop\\Client Work\\Nandini\\src\\lib\\roles.ts"
2026-01-05T18:44:22.378154Z  INFO scan_sources: tailwindcss_oxide::scanner: Discovering "C:\\Users\\RATUL\\OneDrive\\Desktop\\Client Work\\Nandini\\src\\lib\\scheduledClasses.ts"
2026-01-05T18:44:22.378695Z  INFO scan_sources: tailwindcss_oxide::scanner: Discovering "C:\\Users\\RATUL\\OneDrive\\Desktop\\Client Work\\Nandini\\src\\lib\\teacherAvailability.ts"
2026-01-05T18:44:22.379066Z  INFO scan_sources: tailwindcss_oxide::scanner: Discovering "C:\\Users\\RATUL\\OneDrive\\Desktop\\Client Work\\Nandini\\src\\lib\\urlState.ts"
2026-01-05T18:44:22.379357Z  INFO scan_sources: tailwindcss_oxide::scanner: Discovering "C:\\Users\\RATUL\\OneDrive\\Desktop\\Client Work\\Nandini\\src\\lib\\userProfile.ts"
2026-01-05T18:44:22.379882Z  INFO scan_sources: tailwindcss_oxide::scanner: Discovering "C:\\Users\\RATUL\\OneDrive\\Desktop\\Client Work\\Nandini\\src\\lib\\zoom.ts"
2026-01-05T18:44:22.380063Z  INFO scan_sources: tailwindcss_oxide::scanner: Discovering "C:\\Users\\RATUL\\OneDrive\\Desktop\\Client Work\\Nandini\\src\\main.tsx"
2026-01-05T18:44:22.380287Z  INFO scan_sources: tailwindcss_oxide::scanner: Discovering "C:\\Users\\RATUL\\OneDrive\\Desktop\\Client Work\\Nandini\\src\\tailwind.css"
2026-01-05T18:44:22.380773Z  INFO scan_sources: tailwindcss_oxide::scanner: Discovering "C:\\Users\\RATUL\\OneDrive\\Desktop\\Client Work\\Nandini\\src\\types"
2026-01-05T18:44:22.381304Z  INFO scan_sources: tailwindcss_oxide::scanner: Discovering "C:\\Users\\RATUL\\OneDrive\\Desktop\\Client Work\\Nandini\\src\\types\\versioned-imports.d.ts"
2026-01-05T18:44:22.381917Z  INFO scan_sources: tailwindcss_oxide::scanner: Discovering "C:\\Users\\RATUL\\OneDrive\\Desktop\\Client Work\\Nandini\\src\\vite-env.d.ts"
2026-01-05T18:44:22.382274Z  INFO scan_sources: tailwindcss_oxide::scanner: Discovering "C:\\Users\\RATUL\\OneDrive\\Desktop\\Client Work\\Nandini\\storage.rules"
2026-01-05T18:44:22.382583Z  INFO scan_sources: tailwindcss_oxide::scanner: Discovering "C:\\Users\\RATUL\\OneDrive\\Desktop\\Client Work\\Nandini\\tailwind.config.js"
2026-01-05T18:44:22.382666Z  INFO scan_sources: tailwindcss_oxide::scanner: Discovering "C:\\Users\\RATUL\\OneDrive\\Desktop\\Client Work\\Nandini\\tsconfig.json"
2026-01-05T18:44:22.382993Z  INFO scan_sources: tailwindcss_oxide::scanner: Discovering "C:\\Users\\RATUL\\OneDrive\\Desktop\\Client Work\\Nandini\\upload-helper.ps1"
2026-01-05T18:44:22.383145Z  INFO scan_sources: tailwindcss_oxide::scanner: Discovering "C:\\Users\\RATUL\\OneDrive\\Desktop\\Client Work\\Nandini\\vite.config.ts"
2026-01-05T18:44:22.383432Z  INFO scan_sources: tailwindcss_oxide::scanner: Discovering "C:\\Users\\RATUL\\OneDrive\\Desktop\\Client Work\\Nandini\\WHERE_TO_PUT_FILES.md"
2026-01-05T18:44:22.383566Z  INFO scan_sources: tailwindcss_oxide::scanner: exit
2026-01-05T18:44:22.383578Z  INFO extract_candidates: tailwindcss_oxide::scanner: enter
2026-01-05T18:44:22.383585Z  INFO extract_candidates:read_all_files: tailwindcss_oxide::scanner: enter
2026-01-05T18:44:22.383590Z  INFO extract_candidates:read_all_files: tailwindcss_oxide::scanner: Reading 147 file(s)
2026-01-05T18:44:22.384706Z  INFO tailwindcss_oxide::scanner: Reading "C:\\Users\\RATUL\\OneDrive\\Desktop\\Client Work\\Nandini\\src\\context\\AuthContext.tsx"
2026-01-05T18:44:22.385030Z  INFO tailwindcss_oxide::scanner: Reading "C:\\Users\\RATUL\\OneDrive\\Desktop\\Client Work\\Nandini\\.firebase\\hosting.ZGlzdA.cache"
2026-01-05T18:44:22.385083Z  INFO tailwindcss_oxide::scanner: Reading "C:\\Users\\RATUL\\OneDrive\\Desktop\\Client Work\\Nandini\\README.md"
2026-01-05T18:44:22.385155Z  INFO tailwindcss_oxide::scanner: Reading "C:\\Users\\RATUL\\OneDrive\\Desktop\\Client Work\\Nandini\\src\\lib\\live.ts"
2026-01-05T18:44:22.385171Z  INFO tailwindcss_oxide::scanner: Reading "C:\\Users\\RATUL\\OneDrive\\Desktop\\Client Work\\Nandini\\INSTRUCTOR_CONTENT_MANAGEMENT.md"
2026-01-05T18:44:22.385270Z  INFO tailwindcss_oxide::scanner: Reading "C:\\Users\\RATUL\\OneDrive\\Desktop\\Client Work\\Nandini\\functions\\src\\index.ts"
2026-01-05T18:44:22.385314Z  INFO tailwindcss_oxide::scanner: Reading "C:\\Users\\RATUL\\OneDrive\\Desktop\\Client Work\\Nandini\\firestore.indexes.json"
2026-01-05T18:44:22.385371Z  INFO tailwindcss_oxide::scanner: Reading "C:\\Users\\RATUL\\OneDrive\\Desktop\\Client Work\\Nandini\\.firebaserc"
2026-01-05T18:44:22.385457Z  INFO tailwindcss_oxide::scanner: Reading "C:\\Users\\RATUL\\OneDrive\\Desktop\\Client Work\\Nandini\\AUTH_BACKEND_SETUP.md"
2026-01-05T18:44:22.385550Z  INFO tailwindcss_oxide::scanner: Reading "C:\\Users\\RATUL\\OneDrive\\Desktop\\Client Work\\Nandini\\src\\components\\ui\\chart.tsx"
2026-01-05T18:44:22.385602Z  INFO tailwindcss_oxide::scanner: Reading "C:\\Users\\RATUL\\OneDrive\\Desktop\\Client Work\\Nandini\\public\\assets\\data\\pronunciation-seed\\bengali\\sentence.json"
2026-01-05T18:44:22.385747Z  INFO tailwindcss_oxide::scanner: Reading "C:\\Users\\RATUL\\OneDrive\\Desktop\\Client Work\\Nandini\\src\\data\\lessonContent.ts"
2026-01-05T18:44:22.385810Z  INFO tailwindcss_oxide::scanner: Reading "C:\\Users\\RATUL\\OneDrive\\Desktop\\Client Work\\Nandini\\JANUARY_3_2026_CHANGES.md"
2026-01-05T18:44:22.385848Z  INFO tailwindcss_oxide::scanner: Reading "C:\\Users\\RATUL\\OneDrive\\Desktop\\Client Work\\Nandini\\SCHEDULED_CLASSES_GUIDE.md"
2026-01-05T18:44:22.385852Z  INFO tailwindcss_oxide::scanner: Reading "C:\\Users\\RATUL\\OneDrive\\Desktop\\Client Work\\Nandini\\functions\\tsconfig.json"
2026-01-05T18:44:22.385893Z  INFO tailwindcss_oxide::scanner: Reading "C:\\Users\\RATUL\\OneDrive\\Desktop\\Client Work\\Nandini\\src\\lib\\moderation.ts"
2026-01-05T18:44:22.385952Z  INFO tailwindcss_oxide::scanner: Reading "C:\\Users\\RATUL\\OneDrive\\Desktop\\Client Work\\Nandini\\ADSENSE_SETUP_GUIDE.md"
2026-01-05T18:44:22.385969Z  INFO tailwindcss_oxide::scanner: Reading "C:\\Users\\RATUL\\OneDrive\\Desktop\\Client Work\\Nandini\\BOOKING_AVAILABILITY_GUIDE.md"
2026-01-05T18:44:22.386095Z  INFO tailwindcss_oxide::scanner: Reading "C:\\Users\\RATUL\\OneDrive\\Desktop\\Client Work\\Nandini\\src\\lib\\bookings.ts"
2026-01-05T18:44:22.386119Z  INFO tailwindcss_oxide::scanner: Reading "C:\\Users\\RATUL\\OneDrive\\Desktop\\Client Work\\Nandini\\EMAIL_SETUP_GUIDE.md"
2026-01-05T18:44:22.386137Z  INFO tailwindcss_oxide::scanner: Reading "C:\\Users\\RATUL\\OneDrive\\Desktop\\Client Work\\Nandini\\firestore.rules"
2026-01-05T18:44:22.386299Z  INFO tailwindcss_oxide::scanner: Reading "C:\\Users\\RATUL\\OneDrive\\Desktop\\Client Work\\Nandini\\src\\components\\ui\\checkbox.tsx"
2026-01-05T18:44:22.386398Z  INFO tailwindcss_oxide::scanner: Reading "C:\\Users\\RATUL\\OneDrive\\Desktop\\Client Work\\Nandini\\src\\data\\nandini.ts"
2026-01-05T18:44:22.386446Z  INFO tailwindcss_oxide::scanner: Reading "C:\\Users\\RATUL\\OneDrive\\Desktop\\Client Work\\Nandini\\LATEST_CHANGES_JAN_2_2026.md"
2026-01-05T18:44:22.386457Z  INFO tailwindcss_oxide::scanner: Reading "C:\\Users\\RATUL\\OneDrive\\Desktop\\Client Work\\Nandini\\public\\assets\\data\\pronunciation-seed\\bengali\\word.json"
2026-01-05T18:44:22.386510Z  INFO tailwindcss_oxide::scanner: Reading "C:\\Users\\RATUL\\OneDrive\\Desktop\\Client Work\\Nandini\\scripts\\add-initial-content.mjs"
2026-01-05T18:44:22.386541Z  INFO tailwindcss_oxide::scanner: Reading "C:\\Users\\RATUL\\OneDrive\\Desktop\\Client Work\\Nandini\\IMPLEMENTATION_STATUS.md"
2026-01-05T18:44:22.386577Z  INFO tailwindcss_oxide::scanner: Reading "C:\\Users\\RATUL\\OneDrive\\Desktop\\Client Work\\Nandini\\package.json"
2026-01-05T18:44:22.386621Z  INFO tailwindcss_oxide::scanner: Reading "C:\\Users\\RATUL\\OneDrive\\Desktop\\Client Work\\Nandini\\src\\lib\\payments.ts"
2026-01-05T18:44:22.386645Z  INFO tailwindcss_oxide::scanner: Reading "C:\\Users\\RATUL\\OneDrive\\Desktop\\Client Work\\Nandini\\CONTENT_UPLOAD_GUIDE.md"
2026-01-05T18:44:22.386767Z  INFO tailwindcss_oxide::scanner: Reading "C:\\Users\\RATUL\\OneDrive\\Desktop\\Client Work\\Nandini\\functions\\lib\\index.js"
2026-01-05T18:44:22.386818Z  INFO tailwindcss_oxide::scanner: Reading "C:\\Users\\RATUL\\OneDrive\\Desktop\\Client Work\\Nandini\\index.html"
2026-01-05T18:44:22.386820Z  INFO tailwindcss_oxide::scanner: Reading "C:\\Users\\RATUL\\OneDrive\\Desktop\\Client Work\\Nandini\\src\\lib\\zoom.ts"
2026-01-05T18:44:22.386892Z  INFO tailwindcss_oxide::scanner: Reading "C:\\Users\\RATUL\\OneDrive\\Desktop\\Client Work\\Nandini\\src\\components\\ui\\collapsible.tsx"
2026-01-05T18:44:22.386928Z  INFO tailwindcss_oxide::scanner: Reading "C:\\Users\\RATUL\\OneDrive\\Desktop\\Client Work\\Nandini\\FINAL_CLIENT_HANDOVER.md"
2026-01-05T18:44:22.386942Z  INFO tailwindcss_oxide::scanner: Reading "C:\\Users\\RATUL\\OneDrive\\Desktop\\Client Work\\Nandini\\src\\main.tsx"
2026-01-05T18:44:22.387018Z  INFO tailwindcss_oxide::scanner: Reading "C:\\Users\\RATUL\\OneDrive\\Desktop\\Client Work\\Nandini\\src\\lib\\courseMeetings.ts"
2026-01-05T18:44:22.387073Z  INFO tailwindcss_oxide::scanner: Reading "C:\\Users\\RATUL\\OneDrive\\Desktop\\Client Work\\Nandini\\IMPLEMENTATION_SUMMARY.md"
2026-01-05T18:44:22.387129Z  INFO tailwindcss_oxide::scanner: Reading "C:\\Users\\RATUL\\OneDrive\\Desktop\\Client Work\\Nandini\\PAYMENT_SETUP_GUIDE.md"
2026-01-05T18:44:22.387252Z  INFO tailwindcss_oxide::scanner: Reading "C:\\Users\\RATUL\\OneDrive\\Desktop\\Client Work\\Nandini\\src\\data\\phrasebook.ts"
2026-01-05T18:44:22.387274Z  INFO tailwindcss_oxide::scanner: Reading "C:\\Users\\RATUL\\OneDrive\\Desktop\\Client Work\\Nandini\\scripts\\generate-pronunciation-seed.mjs"
2026-01-05T18:44:22.387306Z  INFO tailwindcss_oxide::scanner: Reading "C:\\Users\\RATUL\\OneDrive\\Desktop\\Client Work\\Nandini\\public\\assets\\data\\pronunciation-seed\\english\\sentence.json"
2026-01-05T18:44:22.387448Z  INFO tailwindcss_oxide::scanner: Reading "C:\\Users\\RATUL\\OneDrive\\Desktop\\Client Work\\Nandini\\functions\\package.json"
2026-01-05T18:44:22.387488Z  INFO tailwindcss_oxide::scanner: Reading "C:\\Users\\RATUL\\OneDrive\\Desktop\\Client Work\\Nandini\\src\\lib\\pronunciation.ts"
2026-01-05T18:44:22.387549Z  INFO tailwindcss_oxide::scanner: Reading "C:\\Users\\RATUL\\OneDrive\\Desktop\\Client Work\\Nandini\\src\\lib\\roles.ts"
2026-01-05T18:44:22.387603Z  INFO tailwindcss_oxide::scanner: Reading "C:\\Users\\RATUL\\OneDrive\\Desktop\\Client Work\\Nandini\\src\\components\\ui\\command.tsx"
2026-01-05T18:44:22.387627Z  INFO tailwindcss_oxide::scanner: Reading "C:\\Users\\RATUL\\OneDrive\\Desktop\\Client Work\\Nandini\\firebase.json"
2026-01-05T18:44:22.387670Z  INFO tailwindcss_oxide::scanner: Reading "C:\\Users\\RATUL\\OneDrive\\Desktop\\Client Work\\Nandini\\src\\lib\\functions.ts"
2026-01-05T18:44:22.387677Z  INFO tailwindcss_oxide::scanner: Reading "C:\\Users\\RATUL\\OneDrive\\Desktop\\Client Work\\Nandini\\PAYMENT_VERIFICATION_GUIDE.md"
2026-01-05T18:44:22.387709Z  INFO tailwindcss_oxide::scanner: Reading "C:\\Users\\RATUL\\OneDrive\\Desktop\\Client Work\\Nandini\\src\\lib\\courses.ts"
2026-01-05T18:44:22.387767Z  INFO tailwindcss_oxide::scanner: Reading "C:\\Users\\RATUL\\OneDrive\\Desktop\\Client Work\\Nandini\\src\\types\\versioned-imports.d.ts"
2026-01-05T18:44:22.388013Z  INFO tailwindcss_oxide::scanner: Reading "C:\\Users\\RATUL\\OneDrive\\Desktop\\Client Work\\Nandini\\scripts\\test_gemini_models.js"
2026-01-05T18:44:22.388049Z  INFO tailwindcss_oxide::scanner: Reading "C:\\Users\\RATUL\\OneDrive\\Desktop\\Client Work\\Nandini\\src\\data\\pronunciationSeed.ts"
2026-01-05T18:44:22.388079Z  INFO tailwindcss_oxide::scanner: Reading "C:\\Users\\RATUL\\OneDrive\\Desktop\\Client Work\\Nandini\\public\\assets\\data\\pronunciation-seed\\english\\word.json"
2026-01-05T18:44:22.388160Z  INFO tailwindcss_oxide::scanner: Reading "C:\\Users\\RATUL\\OneDrive\\Desktop\\Client Work\\Nandini\\src\\data\\testimonials.ts"
2026-01-05T18:44:22.388200Z  INFO tailwindcss_oxide::scanner: Reading "C:\\Users\\RATUL\\OneDrive\\Desktop\\Client Work\\Nandini\\src\\components\\ui\\context-menu.tsx"
2026-01-05T18:44:22.388230Z  INFO tailwindcss_oxide::scanner: Reading "C:\\Users\\RATUL\\OneDrive\\Desktop\\Client Work\\Nandini\\PRODUCTION_READINESS_CHECKLIST.md"
2026-01-05T18:44:22.388250Z  INFO tailwindcss_oxide::scanner: Reading "C:\\Users\\RATUL\\OneDrive\\Desktop\\Client Work\\Nandini\\PRODUCTION_VERIFICATION_REPORT.md"
2026-01-05T18:44:22.388280Z  INFO tailwindcss_oxide::scanner: Reading "C:\\Users\\RATUL\\OneDrive\\Desktop\\Client Work\\Nandini\\src\\lib\\homework.ts"
2026-01-05T18:44:22.388376Z  INFO tailwindcss_oxide::scanner: Reading "C:\\Users\\RATUL\\OneDrive\\Desktop\\Client Work\\Nandini\\src\\lib\\scheduledClasses.ts"
2026-01-05T18:44:22.388446Z  INFO tailwindcss_oxide::scanner: Reading "C:\\Users\\RATUL\\OneDrive\\Desktop\\Client Work\\Nandini\\src\\lib\\firebase.ts"
2026-01-05T18:44:22.388542Z  INFO tailwindcss_oxide::scanner: Reading "C:\\Users\\RATUL\\OneDrive\\Desktop\\Client Work\\Nandini\\src\\data\\pronunciationSeedLoader.ts"
2026-01-05T18:44:22.388651Z  INFO tailwindcss_oxide::scanner: Reading "C:\\Users\\RATUL\\OneDrive\\Desktop\\Client Work\\Nandini\\src\\vite-env.d.ts"
2026-01-05T18:44:22.388773Z  INFO tailwindcss_oxide::scanner: Reading "C:\\Users\\RATUL\\OneDrive\\Desktop\\Client Work\\Nandini\\SELF_HOSTED_JITSI_JWT_SETUP.md"
2026-01-05T18:44:22.388873Z  INFO tailwindcss_oxide::scanner: Reading "C:\\Users\\RATUL\\OneDrive\\Desktop\\Client Work\\Nandini\\src\\App.tsx"
2026-01-05T18:44:22.388908Z  INFO tailwindcss_oxide::scanner: Reading "C:\\Users\\RATUL\\OneDrive\\Desktop\\Client Work\\Nandini\\public\\assets\\data\\pronunciation-seed\\hindi\\sentence.json"
2026-01-05T18:44:22.388953Z  INFO tailwindcss_oxide::scanner: Reading "C:\\Users\\RATUL\\OneDrive\\Desktop\\Client Work\\Nandini\\src\\lib\\jitsi.ts"
2026-01-05T18:44:22.388994Z  INFO tailwindcss_oxide::scanner: Reading "C:\\Users\\RATUL\\OneDrive\\Desktop\\Client Work\\Nandini\\src\\components\\ui\\dialog.tsx"
2026-01-05T18:44:22.389025Z  INFO tailwindcss_oxide::scanner: Reading "C:\\Users\\RATUL\\OneDrive\\Desktop\\Client Work\\Nandini\\src\\lib\\ai.ts"
2026-01-05T18:44:22.389059Z  INFO tailwindcss_oxide::scanner: Reading "C:\\Users\\RATUL\\OneDrive\\Desktop\\Client Work\\Nandini\\public\\assets\\README.md"
2026-01-05T18:44:22.389127Z  INFO tailwindcss_oxide::scanner: Reading "C:\\Users\\RATUL\\OneDrive\\Desktop\\Client Work\\Nandini\\PROJECT_STRUCTURE.md"
2026-01-05T18:44:22.389180Z  INFO tailwindcss_oxide::scanner: Reading "C:\\Users\\RATUL\\OneDrive\\Desktop\\Client Work\\Nandini\\src\\lib\\teacherAvailability.ts"
2026-01-05T18:44:22.389204Z  INFO tailwindcss_oxide::scanner: Reading "C:\\Users\\RATUL\\OneDrive\\Desktop\\Client Work\\Nandini\\public\\assets\\data\\pronunciation-seed\\hindi\\word.json"
2026-01-05T18:44:22.389250Z  INFO tailwindcss_oxide::scanner: Reading "C:\\Users\\RATUL\\OneDrive\\Desktop\\Client Work\\Nandini\\src\\lib\\urlState.ts"
2026-01-05T18:44:22.389259Z  INFO tailwindcss_oxide::scanner: Reading "C:\\Users\\RATUL\\OneDrive\\Desktop\\Client Work\\Nandini\\storage.rules"
2026-01-05T18:44:22.389479Z  INFO tailwindcss_oxide::scanner: Reading "C:\\Users\\RATUL\\OneDrive\\Desktop\\Client Work\\Nandini\\src\\components\\ui\\radio-group.tsx"
2026-01-05T18:44:22.389519Z  INFO tailwindcss_oxide::scanner: Reading "C:\\Users\\RATUL\\OneDrive\\Desktop\\Client Work\\Nandini\\src\\components\\ui\\drawer.tsx"
2026-01-05T18:44:22.389722Z  INFO tailwindcss_oxide::scanner: Reading "C:\\Users\\RATUL\\OneDrive\\Desktop\\Client Work\\Nandini\\src\\components\\AdBanner.tsx"
2026-01-05T18:44:22.389830Z  INFO tailwindcss_oxide::scanner: Reading "C:\\Users\\RATUL\\OneDrive\\Desktop\\Client Work\\Nandini\\src\\lib\\jitsiJwt.ts"
2026-01-05T18:44:22.389908Z  INFO tailwindcss_oxide::scanner: Reading "C:\\Users\\RATUL\\OneDrive\\Desktop\\Client Work\\Nandini\\src\\lib\\lessonManagement.ts"
2026-01-05T18:44:22.389972Z  INFO tailwindcss_oxide::scanner: Reading "C:\\Users\\RATUL\\OneDrive\\Desktop\\Client Work\\Nandini\\src\\lib\\auth.ts"
2026-01-05T18:44:22.390016Z  INFO tailwindcss_oxide::scanner: Reading "C:\\Users\\RATUL\\OneDrive\\Desktop\\Client Work\\Nandini\\tsconfig.json"
2026-01-05T18:44:22.390052Z  INFO tailwindcss_oxide::scanner: Reading "C:\\Users\\RATUL\\OneDrive\\Desktop\\Client Work\\Nandini\\src\\lib\\userProfile.ts"
2026-01-05T18:44:22.390036Z  INFO tailwindcss_oxide::scanner: Reading "C:\\Users\\RATUL\\OneDrive\\Desktop\\Client Work\\Nandini\\tailwind.config.js"
2026-01-05T18:44:22.390110Z  INFO tailwindcss_oxide::scanner: Reading "C:\\Users\\RATUL\\OneDrive\\Desktop\\Client Work\\Nandini\\vite.config.ts"
2026-01-05T18:44:22.390132Z  INFO tailwindcss_oxide::scanner: Reading "C:\\Users\\RATUL\\OneDrive\\Desktop\\Client Work\\Nandini\\upload-helper.ps1"
2026-01-05T18:44:22.390060Z  INFO tailwindcss_oxide::scanner: Reading "C:\\Users\\RATUL\\OneDrive\\Desktop\\Client Work\\Nandini\\QUICK_DEPLOY.md"
2026-01-05T18:44:22.390128Z  INFO tailwindcss_oxide::scanner: Reading "C:\\Users\\RATUL\\OneDrive\\Desktop\\Client Work\\Nandini\\src\\components\\ui\\sonner.tsx"
2026-01-05T18:44:22.390096Z  INFO tailwindcss_oxide::scanner: Reading "C:\\Users\\RATUL\\OneDrive\\Desktop\\Client Work\\Nandini\\QUICK_START.md"
2026-01-05T18:44:22.390247Z  INFO tailwindcss_oxide::scanner: Reading "C:\\Users\\RATUL\\OneDrive\\Desktop\\Client Work\\Nandini\\src\\components\\ui\\resizable.tsx"
2026-01-05T18:44:22.390497Z  INFO tailwindcss_oxide::scanner: Reading "C:\\Users\\RATUL\\OneDrive\\Desktop\\Client Work\\Nandini\\src\\components\\ui\\dropdown-menu.tsx"
2026-01-05T18:44:22.390523Z  INFO tailwindcss_oxide::scanner: Reading "C:\\Users\\RATUL\\OneDrive\\Desktop\\Client Work\\Nandini\\src\\components\\AILanguageChat.tsx"
2026-01-05T18:44:22.390579Z  INFO tailwindcss_oxide::scanner: Reading "C:\\Users\\RATUL\\OneDrive\\Desktop\\Client Work\\Nandini\\src\\components\\ui\\toggle-group.tsx"
2026-01-05T18:44:22.390583Z  INFO tailwindcss_oxide::scanner: Reading "C:\\Users\\RATUL\\OneDrive\\Desktop\\Client Work\\Nandini\\src\\components\\ui\\table.tsx"
2026-01-05T18:44:22.390616Z  INFO tailwindcss_oxide::scanner: Reading "C:\\Users\\RATUL\\OneDrive\\Desktop\\Client Work\\Nandini\\src\\components\\ui\\switch.tsx"
2026-01-05T18:44:22.390621Z  INFO tailwindcss_oxide::scanner: Reading "C:\\Users\\RATUL\\OneDrive\\Desktop\\Client Work\\Nandini\\src\\components\\ui\\hover-card.tsx"
2026-01-05T18:44:22.390644Z  INFO tailwindcss_oxide::scanner: Reading "C:\\Users\\RATUL\\OneDrive\\Desktop\\Client Work\\Nandini\\WHERE_TO_PUT_FILES.md"
2026-01-05T18:44:22.390688Z  INFO tailwindcss_oxide::scanner: Reading "C:\\Users\\RATUL\\OneDrive\\Desktop\\Client Work\\Nandini\\src\\components\\ui\\separator.tsx"
2026-01-05T18:44:22.390707Z  INFO tailwindcss_oxide::scanner: Reading "C:\\Users\\RATUL\\OneDrive\\Desktop\\Client Work\\Nandini\\src\\components\\ui\\menubar.tsx"
2026-01-05T18:44:22.390781Z  INFO tailwindcss_oxide::scanner: Reading "C:\\Users\\RATUL\\OneDrive\\Desktop\\Client Work\\Nandini\\src\\components\\ui\\tabs.tsx"
2026-01-05T18:44:22.390835Z  INFO tailwindcss_oxide::scanner: Reading "C:\\Users\\RATUL\\OneDrive\\Desktop\\Client Work\\Nandini\\src\\components\\ui\\scroll-area.tsx"
2026-01-05T18:44:22.390894Z  INFO tailwindcss_oxide::scanner: Reading "C:\\Users\\RATUL\\OneDrive\\Desktop\\Client Work\\Nandini\\src\\components\\PaymentAdmin.tsx"
2026-01-05T18:44:22.391187Z  INFO tailwindcss_oxide::scanner: Reading "C:\\Users\\RATUL\\OneDrive\\Desktop\\Client Work\\Nandini\\src\\components\\ui\\sidebar.tsx"
2026-01-05T18:44:22.391212Z  INFO tailwindcss_oxide::scanner: Reading "C:\\Users\\RATUL\\OneDrive\\Desktop\\Client Work\\Nandini\\src\\components\\ui\\form.tsx"
2026-01-05T18:44:22.391244Z  INFO tailwindcss_oxide::scanner: Reading "C:\\Users\\RATUL\\OneDrive\\Desktop\\Client Work\\Nandini\\src\\components\\AuthPage.tsx"
2026-01-05T18:44:22.391311Z  INFO tailwindcss_oxide::scanner: Reading "C:\\Users\\RATUL\\OneDrive\\Desktop\\Client Work\\Nandini\\src\\components\\ui\\input.tsx"
2026-01-05T18:44:22.391336Z  INFO tailwindcss_oxide::scanner: Reading "C:\\Users\\RATUL\\OneDrive\\Desktop\\Client Work\\Nandini\\src\\components\\ui\\input-otp.tsx"
2026-01-05T18:44:22.391382Z  INFO tailwindcss_oxide::scanner: Reading "C:\\Users\\RATUL\\OneDrive\\Desktop\\Client Work\\Nandini\\src\\components\\ui\\toggle.tsx"
2026-01-05T18:44:22.391442Z  INFO tailwindcss_oxide::scanner: Reading "C:\\Users\\RATUL\\OneDrive\\Desktop\\Client Work\\Nandini\\src\\components\\ui\\label.tsx"
2026-01-05T18:44:22.391464Z  INFO tailwindcss_oxide::scanner: Reading "C:\\Users\\RATUL\\OneDrive\\Desktop\\Client Work\\Nandini\\src\\components\\ui\\sheet.tsx"
2026-01-05T18:44:22.391492Z  INFO tailwindcss_oxide::scanner: Reading "C:\\Users\\RATUL\\OneDrive\\Desktop\\Client Work\\Nandini\\src\\components\\ui\\navigation-menu.tsx"
2026-01-05T18:44:22.391606Z  INFO tailwindcss_oxide::scanner: Reading "C:\\Users\\RATUL\\OneDrive\\Desktop\\Client Work\\Nandini\\src\\components\\ui\\select.tsx"
2026-01-05T18:44:22.391623Z  INFO tailwindcss_oxide::scanner: Reading "C:\\Users\\RATUL\\OneDrive\\Desktop\\Client Work\\Nandini\\src\\components\\ui\\textarea.tsx"
2026-01-05T18:44:22.391734Z  INFO tailwindcss_oxide::scanner: Reading "C:\\Users\\RATUL\\OneDrive\\Desktop\\Client Work\\Nandini\\src\\components\\PremiumPaymentModal.tsx"
2026-01-05T18:44:22.391862Z  INFO tailwindcss_oxide::scanner: Reading "C:\\Users\\RATUL\\OneDrive\\Desktop\\Client Work\\Nandini\\src\\components\\ui\\skeleton.tsx"
2026-01-05T18:44:22.391934Z  INFO tailwindcss_oxide::scanner: Reading "C:\\Users\\RATUL\\OneDrive\\Desktop\\Client Work\\Nandini\\src\\components\\ui\\alert-dialog.tsx"
2026-01-05T18:44:22.391965Z  INFO tailwindcss_oxide::scanner: Reading "C:\\Users\\RATUL\\OneDrive\\Desktop\\Client Work\\Nandini\\src\\components\\ui\\pagination.tsx"
2026-01-05T18:44:22.391981Z  INFO tailwindcss_oxide::scanner: Reading "C:\\Users\\RATUL\\OneDrive\\Desktop\\Client Work\\Nandini\\src\\components\\ui\\tooltip.tsx"
2026-01-05T18:44:22.392020Z  INFO tailwindcss_oxide::scanner: Reading "C:\\Users\\RATUL\\OneDrive\\Desktop\\Client Work\\Nandini\\src\\components\\ui\\slider.tsx"
2026-01-05T18:44:22.392057Z  INFO tailwindcss_oxide::scanner: Reading "C:\\Users\\RATUL\\OneDrive\\Desktop\\Client Work\\Nandini\\src\\components\\BookingModal.tsx"
2026-01-05T18:44:22.392136Z  INFO tailwindcss_oxide::scanner: Reading "C:\\Users\\RATUL\\OneDrive\\Desktop\\Client Work\\Nandini\\src\\components\\JitsiMeet.tsx"
2026-01-05T18:44:22.392203Z  INFO tailwindcss_oxide::scanner: Reading "C:\\Users\\RATUL\\OneDrive\\Desktop\\Client Work\\Nandini\\src\\components\\ui\\breadcrumb.tsx"
2026-01-05T18:44:22.392232Z  INFO tailwindcss_oxide::scanner: Reading "C:\\Users\\RATUL\\OneDrive\\Desktop\\Client Work\\Nandini\\src\\components\\ui\\aspect-ratio.tsx"
2026-01-05T18:44:22.392277Z  INFO tailwindcss_oxide::scanner: Reading "C:\\Users\\RATUL\\OneDrive\\Desktop\\Client Work\\Nandini\\src\\components\\LessonContentEditor.tsx"
2026-01-05T18:44:22.392388Z  INFO tailwindcss_oxide::scanner: Reading "C:\\Users\\RATUL\\OneDrive\\Desktop\\Client Work\\Nandini\\src\\components\\StudentDashboard.tsx"
2026-01-05T18:44:22.392507Z  INFO tailwindcss_oxide::scanner: Reading "C:\\Users\\RATUL\\OneDrive\\Desktop\\Client Work\\Nandini\\src\\components\\ui\\utils.ts"
2026-01-05T18:44:22.392657Z  INFO tailwindcss_oxide::scanner: Reading "C:\\Users\\RATUL\\OneDrive\\Desktop\\Client Work\\Nandini\\src\\components\\ui\\popover.tsx"
2026-01-05T18:44:22.392727Z  INFO tailwindcss_oxide::scanner: Reading "C:\\Users\\RATUL\\OneDrive\\Desktop\\Client Work\\Nandini\\src\\components\\ui\\use-mobile.ts"
2026-01-05T18:44:22.392770Z  INFO tailwindcss_oxide::scanner: Reading "C:\\Users\\RATUL\\OneDrive\\Desktop\\Client Work\\Nandini\\src\\components\\LandingPage.tsx"
2026-01-05T18:44:22.392814Z  INFO tailwindcss_oxide::scanner: Reading "C:\\Users\\RATUL\\OneDrive\\Desktop\\Client Work\\Nandini\\src\\components\\ui\\alert.tsx"
2026-01-05T18:44:22.393039Z  INFO tailwindcss_oxide::scanner: Reading "C:\\Users\\RATUL\\OneDrive\\Desktop\\Client Work\\Nandini\\src\\components\\figma\\ImageWithFallback.tsx"
2026-01-05T18:44:22.393106Z  INFO tailwindcss_oxide::scanner: Reading "C:\\Users\\RATUL\\OneDrive\\Desktop\\Client Work\\Nandini\\src\\components\\ui\\button.tsx"
2026-01-05T18:44:22.393299Z  INFO tailwindcss_oxide::scanner: Reading "C:\\Users\\RATUL\\OneDrive\\Desktop\\Client Work\\Nandini\\src\\components\\ui\\calendar.tsx"
2026-01-05T18:44:22.393314Z  INFO tailwindcss_oxide::scanner: Reading "C:\\Users\\RATUL\\OneDrive\\Desktop\\Client Work\\Nandini\\src\\components\\ui\\avatar.tsx"
2026-01-05T18:44:22.393426Z  INFO tailwindcss_oxide::scanner: Reading "C:\\Users\\RATUL\\OneDrive\\Desktop\\Client Work\\Nandini\\src\\components\\PronunciationPractice.tsx"
2026-01-05T18:44:22.393431Z  INFO tailwindcss_oxide::scanner: Reading "C:\\Users\\RATUL\\OneDrive\\Desktop\\Client Work\\Nandini\\src\\components\\TeacherAvailability.tsx"
2026-01-05T18:44:22.393534Z  INFO tailwindcss_oxide::scanner: Reading "C:\\Users\\RATUL\\OneDrive\\Desktop\\Client Work\\Nandini\\src\\components\\LessonPaymentModal.tsx"
2026-01-05T18:44:22.393565Z  INFO tailwindcss_oxide::scanner: Reading "C:\\Users\\RATUL\\OneDrive\\Desktop\\Client Work\\Nandini\\src\\components\\ui\\progress.tsx"
2026-01-05T18:44:22.393614Z  INFO tailwindcss_oxide::scanner: Reading "C:\\Users\\RATUL\\OneDrive\\Desktop\\Client Work\\Nandini\\src\\components\\ui\\badge.tsx"
2026-01-05T18:44:22.393690Z  INFO tailwindcss_oxide::scanner: Reading "C:\\Users\\RATUL\\OneDrive\\Desktop\\Client Work\\Nandini\\src\\components\\LiveClass.tsx"
2026-01-05T18:44:22.393745Z  INFO tailwindcss_oxide::scanner: Reading "C:\\Users\\RATUL\\OneDrive\\Desktop\\Client Work\\Nandini\\src\\components\\ThreeHeroBackground.tsx"
2026-01-05T18:44:22.393816Z  INFO tailwindcss_oxide::scanner: Reading "C:\\Users\\RATUL\\OneDrive\\Desktop\\Client Work\\Nandini\\src\\components\\ui\\carousel.tsx"
2026-01-05T18:44:22.393834Z  INFO tailwindcss_oxide::scanner: Reading "C:\\Users\\RATUL\\OneDrive\\Desktop\\Client Work\\Nandini\\src\\components\\ui\\card.tsx"
2026-01-05T18:44:22.393951Z  INFO tailwindcss_oxide::scanner: Reading "C:\\Users\\RATUL\\OneDrive\\Desktop\\Client Work\\Nandini\\src\\components\\InstructorPracticeAdmin.tsx"
2026-01-05T18:44:22.394049Z  INFO tailwindcss_oxide::scanner: Reading "C:\\Users\\RATUL\\OneDrive\\Desktop\\Client Work\\Nandini\\src\\components\\Sidebar.tsx"
2026-01-05T18:44:22.394147Z  INFO tailwindcss_oxide::scanner: Reading "C:\\Users\\RATUL\\OneDrive\\Desktop\\Client Work\\Nandini\\src\\components\\TeacherDashboard.tsx"
2026-01-05T18:44:22.394233Z  INFO tailwindcss_oxide::scanner: Reading "C:\\Users\\RATUL\\OneDrive\\Desktop\\Client Work\\Nandini\\src\\components\\ui\\accordion.tsx"
2026-01-05T18:44:22.394363Z  INFO extract_candidates:read_all_files: tailwindcss_oxide::scanner: exit
2026-01-05T18:44:22.394380Z  INFO extract_candidates:parse_all_blobs: tailwindcss_oxide::scanner: enter
2026-01-05T18:44:22.394386Z  INFO extract_candidates:parse_all_blobs:extract: tailwindcss_oxide::scanner: enter
2026-01-05T18:44:22.400977Z  INFO extract_candidates:parse_all_blobs:extract: tailwindcss_oxide::scanner: exit
2026-01-05T18:44:22.401434Z  INFO extract_candidates:parse_all_blobs: tailwindcss_oxide::scanner: exit
2026-01-05T18:44:22.401454Z  INFO extract_candidates:read_all_files: tailwindcss_oxide::scanner: enter
2026-01-05T18:44:22.401460Z  INFO extract_candidates:read_all_files: tailwindcss_oxide::scanner: Reading 3 file(s)
2026-01-05T18:44:22.401650Z  INFO tailwindcss_oxide::scanner: Reading "C:\\Users\\RATUL\\OneDrive\\Desktop\\Client Work\\Nandini\\src\\index.css"
2026-01-05T18:44:22.401650Z  INFO tailwindcss_oxide::scanner: Reading "C:\\Users\\RATUL\\OneDrive\\Desktop\\Client Work\\Nandini\\src\\globals.css"
2026-01-05T18:44:22.402067Z  INFO tailwindcss_oxide::scanner: Reading "C:\\Users\\RATUL\\OneDrive\\Desktop\\Client Work\\Nandini\\src\\tailwind.css"
2026-01-05T18:44:22.402121Z  INFO extract_candidates:read_all_files: tailwindcss_oxide::scanner: exit
2026-01-05T18:44:22.402151Z  INFO extract_candidates:extract_css_variables: tailwindcss_oxide::scanner: enter
2026-01-05T18:44:22.402158Z  INFO extract_candidates:extract_css_variables:extract: tailwindcss_oxide::scanner: enter
2026-01-05T18:44:22.402297Z  INFO extract_candidates:extract_css_variables:extract: tailwindcss_oxide::scanner: exit
2026-01-05T18:44:22.402310Z  INFO extract_candidates:extract_css_variables: tailwindcss_oxide::scanner: exit
2026-01-05T18:44:22.404929Z  INFO extract_candidates: tailwindcss_oxide::scanner: exit
2026-01-05T18:44:22.410023Z  INFO get_files: tailwindcss_oxide::scanner: enter
2026-01-05T18:44:22.410048Z  INFO get_files:scan_sources: tailwindcss_oxide::scanner: enter
2026-01-05T18:44:22.411092Z  INFO get_files:scan_sources: tailwindcss_oxide::scanner: Discovering "C:\\Users\\RATUL\\OneDrive\\Desktop\\Client Work\\Nandini\\.firebase"
2026-01-05T18:44:22.411657Z  INFO get_files:scan_sources: tailwindcss_oxide::scanner: Discovering "C:\\Users\\RATUL\\OneDrive\\Desktop\\Client Work\\Nandini\\functions"
2026-01-05T18:44:22.411815Z  INFO get_files:scan_sources: tailwindcss_oxide::scanner: Discovering "C:\\Users\\RATUL\\OneDrive\\Desktop\\Client Work\\Nandini\\functions\\lib"
2026-01-05T18:44:22.412254Z  INFO get_files:scan_sources: tailwindcss_oxide::scanner: Discovering "C:\\Users\\RATUL\\OneDrive\\Desktop\\Client Work\\Nandini\\functions\\src"
2026-01-05T18:44:22.412971Z  INFO get_files:scan_sources: tailwindcss_oxide::scanner: Discovering "C:\\Users\\RATUL\\OneDrive\\Desktop\\Client Work\\Nandini\\public"
2026-01-05T18:44:22.413105Z  INFO get_files:scan_sources: tailwindcss_oxide::scanner: Discovering "C:\\Users\\RATUL\\OneDrive\\Desktop\\Client Work\\Nandini\\public\\assets"
2026-01-05T18:44:22.413369Z  INFO get_files:scan_sources: tailwindcss_oxide::scanner: Discovering "C:\\Users\\RATUL\\OneDrive\\Desktop\\Client Work\\Nandini\\public\\assets\\audio"
2026-01-05T18:44:22.413567Z  INFO get_files:scan_sources: tailwindcss_oxide::scanner: Discovering "C:\\Users\\RATUL\\OneDrive\\Desktop\\Client Work\\Nandini\\public\\assets\\audio\\pronunciation"
2026-01-05T18:44:22.413800Z  INFO get_files:scan_sources: tailwindcss_oxide::scanner: Discovering "C:\\Users\\RATUL\\OneDrive\\Desktop\\Client Work\\Nandini\\public\\assets\\audio\\pronunciation\\bengali"
2026-01-05T18:44:22.413986Z  INFO get_files:scan_sources: tailwindcss_oxide::scanner: Discovering "C:\\Users\\RATUL\\OneDrive\\Desktop\\Client Work\\Nandini\\public\\assets\\audio\\pronunciation\\bengali\\letters"
2026-01-05T18:44:22.414170Z  INFO get_files:scan_sources: tailwindcss_oxide::scanner: Discovering "C:\\Users\\RATUL\\OneDrive\\Desktop\\Client Work\\Nandini\\public\\assets\\audio\\pronunciation\\bengali\\phrases"
2026-01-05T18:44:22.414314Z  INFO get_files:scan_sources: tailwindcss_oxide::scanner: Discovering "C:\\Users\\RATUL\\OneDrive\\Desktop\\Client Work\\Nandini\\public\\assets\\audio\\pronunciation\\bengali\\words"
2026-01-05T18:44:22.414474Z  INFO get_files:scan_sources: tailwindcss_oxide::scanner: Discovering "C:\\Users\\RATUL\\OneDrive\\Desktop\\Client Work\\Nandini\\public\\assets\\audio\\pronunciation\\english"
2026-01-05T18:44:22.414605Z  INFO get_files:scan_sources: tailwindcss_oxide::scanner: Discovering "C:\\Users\\RATUL\\OneDrive\\Desktop\\Client Work\\Nandini\\public\\assets\\audio\\pronunciation\\english\\letters"
2026-01-05T18:44:22.414792Z  INFO get_files:scan_sources: tailwindcss_oxide::scanner: Discovering "C:\\Users\\RATUL\\OneDrive\\Desktop\\Client Work\\Nandini\\public\\assets\\audio\\pronunciation\\english\\phrases"
2026-01-05T18:44:22.414936Z  INFO get_files:scan_sources: tailwindcss_oxide::scanner: Discovering "C:\\Users\\RATUL\\OneDrive\\Desktop\\Client Work\\Nandini\\public\\assets\\audio\\pronunciation\\english\\words"
2026-01-05T18:44:22.415097Z  INFO get_files:scan_sources: tailwindcss_oxide::scanner: Discovering "C:\\Users\\RATUL\\OneDrive\\Desktop\\Client Work\\Nandini\\public\\assets\\audio\\pronunciation\\hindi"
2026-01-05T18:44:22.415216Z  INFO get_files:scan_sources: tailwindcss_oxide::scanner: Discovering "C:\\Users\\RATUL\\OneDrive\\Desktop\\Client Work\\Nandini\\public\\assets\\audio\\pronunciation\\hindi\\letters"
2026-01-05T18:44:22.415349Z  INFO get_files:scan_sources: tailwindcss_oxide::scanner: Discovering "C:\\Users\\RATUL\\OneDrive\\Desktop\\Client Work\\Nandini\\public\\assets\\audio\\pronunciation\\hindi\\phrases"
2026-01-05T18:44:22.415483Z  INFO get_files:scan_sources: tailwindcss_oxide::scanner: Discovering "C:\\Users\\RATUL\\OneDrive\\Desktop\\Client Work\\Nandini\\public\\assets\\audio\\pronunciation\\hindi\\words"
2026-01-05T18:44:22.415671Z  INFO get_files:scan_sources: tailwindcss_oxide::scanner: Discovering "C:\\Users\\RATUL\\OneDrive\\Desktop\\Client Work\\Nandini\\public\\assets\\data"
2026-01-05T18:44:22.415807Z  INFO get_files:scan_sources: tailwindcss_oxide::scanner: Discovering "C:\\Users\\RATUL\\OneDrive\\Desktop\\Client Work\\Nandini\\public\\assets\\data\\pronunciation-seed"
2026-01-05T18:44:22.415933Z  INFO get_files:scan_sources: tailwindcss_oxide::scanner: Discovering "C:\\Users\\RATUL\\OneDrive\\Desktop\\Client Work\\Nandini\\public\\assets\\data\\pronunciation-seed\\bengali"
2026-01-05T18:44:22.416139Z  INFO get_files:scan_sources: tailwindcss_oxide::scanner: Discovering "C:\\Users\\RATUL\\OneDrive\\Desktop\\Client Work\\Nandini\\public\\assets\\data\\pronunciation-seed\\english"
2026-01-05T18:44:22.416340Z  INFO get_files:scan_sources: tailwindcss_oxide::scanner: Discovering "C:\\Users\\RATUL\\OneDrive\\Desktop\\Client Work\\Nandini\\public\\assets\\data\\pronunciation-seed\\hindi"
2026-01-05T18:44:22.416560Z  INFO get_files:scan_sources: tailwindcss_oxide::scanner: Discovering "C:\\Users\\RATUL\\OneDrive\\Desktop\\Client Work\\Nandini\\public\\assets\\documents"
2026-01-05T18:44:22.416683Z  INFO get_files:scan_sources: tailwindcss_oxide::scanner: Discovering "C:\\Users\\RATUL\\OneDrive\\Desktop\\Client Work\\Nandini\\public\\assets\\documents\\practice-pdfs"
2026-01-05T18:44:22.416804Z  INFO get_files:scan_sources: tailwindcss_oxide::scanner: Discovering "C:\\Users\\RATUL\\OneDrive\\Desktop\\Client Work\\Nandini\\public\\assets\\documents\\practice-pdfs\\bengali"
2026-01-05T18:44:22.416967Z  INFO get_files:scan_sources: tailwindcss_oxide::scanner: Discovering "C:\\Users\\RATUL\\OneDrive\\Desktop\\Client Work\\Nandini\\public\\assets\\documents\\practice-pdfs\\english"
2026-01-05T18:44:22.417106Z  INFO get_files:scan_sources: tailwindcss_oxide::scanner: Discovering "C:\\Users\\RATUL\\OneDrive\\Desktop\\Client Work\\Nandini\\public\\assets\\documents\\practice-pdfs\\hindi"
2026-01-05T18:44:22.417286Z  INFO get_files:scan_sources: tailwindcss_oxide::scanner: Discovering "C:\\Users\\RATUL\\OneDrive\\Desktop\\Client Work\\Nandini\\public\\assets\\documents\\practice-problems"
2026-01-05T18:44:22.417417Z  INFO get_files:scan_sources: tailwindcss_oxide::scanner: Discovering "C:\\Users\\RATUL\\OneDrive\\Desktop\\Client Work\\Nandini\\public\\assets\\documents\\practice-problems\\bengali"
2026-01-05T18:44:22.417559Z  INFO get_files:scan_sources: tailwindcss_oxide::scanner: Discovering "C:\\Users\\RATUL\\OneDrive\\Desktop\\Client Work\\Nandini\\public\\assets\\documents\\practice-problems\\english"
2026-01-05T18:44:22.417723Z  INFO get_files:scan_sources: tailwindcss_oxide::scanner: Discovering "C:\\Users\\RATUL\\OneDrive\\Desktop\\Client Work\\Nandini\\public\\assets\\documents\\practice-problems\\hindi"
2026-01-05T18:44:22.417926Z  INFO get_files:scan_sources: tailwindcss_oxide::scanner: Discovering "C:\\Users\\RATUL\\OneDrive\\Desktop\\Client Work\\Nandini\\public\\assets\\fonts"
2026-01-05T18:44:22.418122Z  INFO get_files:scan_sources: tailwindcss_oxide::scanner: Discovering "C:\\Users\\RATUL\\OneDrive\\Desktop\\Client Work\\Nandini\\public\\assets\\icons"
2026-01-05T18:44:22.418259Z  INFO get_files:scan_sources: tailwindcss_oxide::scanner: Discovering "C:\\Users\\RATUL\\OneDrive\\Desktop\\Client Work\\Nandini\\public\\assets\\images"
2026-01-05T18:44:22.418445Z  INFO get_files:scan_sources: tailwindcss_oxide::scanner: Discovering "C:\\Users\\RATUL\\OneDrive\\Desktop\\Client Work\\Nandini\\public\\assets\\images\\reviews"
2026-01-05T18:44:22.418671Z  INFO get_files:scan_sources: tailwindcss_oxide::scanner: Discovering "C:\\Users\\RATUL\\OneDrive\\Desktop\\Client Work\\Nandini\\public\\assets\\videos"
2026-01-05T18:44:22.418849Z  INFO get_files:scan_sources: tailwindcss_oxide::scanner: Discovering "C:\\Users\\RATUL\\OneDrive\\Desktop\\Client Work\\Nandini\\public\\assets\\videos\\recorded-lectures"
2026-01-05T18:44:22.419078Z  INFO get_files:scan_sources: tailwindcss_oxide::scanner: Discovering "C:\\Users\\RATUL\\OneDrive\\Desktop\\Client Work\\Nandini\\public\\assets\\videos\\recorded-lectures\\bengali"
2026-01-05T18:44:22.419280Z  INFO get_files:scan_sources: tailwindcss_oxide::scanner: Discovering "C:\\Users\\RATUL\\OneDrive\\Desktop\\Client Work\\Nandini\\public\\assets\\videos\\recorded-lectures\\english"
2026-01-05T18:44:22.419470Z  INFO get_files:scan_sources: tailwindcss_oxide::scanner: Discovering "C:\\Users\\RATUL\\OneDrive\\Desktop\\Client Work\\Nandini\\public\\assets\\videos\\recorded-lectures\\hindi"
2026-01-05T18:44:22.419952Z  INFO get_files:scan_sources: tailwindcss_oxide::scanner: Discovering "C:\\Users\\RATUL\\OneDrive\\Desktop\\Client Work\\Nandini\\scripts"
2026-01-05T18:44:22.420301Z  INFO get_files:scan_sources: tailwindcss_oxide::scanner: Discovering "C:\\Users\\RATUL\\OneDrive\\Desktop\\Client Work\\Nandini\\src"
2026-01-05T18:44:22.420588Z  INFO get_files:scan_sources: tailwindcss_oxide::scanner: Discovering "C:\\Users\\RATUL\\OneDrive\\Desktop\\Client Work\\Nandini\\src\\components"
2026-01-05T18:44:22.420863Z  INFO get_files:scan_sources: tailwindcss_oxide::scanner: Discovering "C:\\Users\\RATUL\\OneDrive\\Desktop\\Client Work\\Nandini\\src\\components\\figma"
2026-01-05T18:44:22.421454Z  INFO get_files:scan_sources: tailwindcss_oxide::scanner: Discovering "C:\\Users\\RATUL\\OneDrive\\Desktop\\Client Work\\Nandini\\src\\components\\ui"
2026-01-05T18:44:22.422859Z  INFO get_files:scan_sources: tailwindcss_oxide::scanner: Discovering "C:\\Users\\RATUL\\OneDrive\\Desktop\\Client Work\\Nandini\\src\\context"
2026-01-05T18:44:22.423048Z  INFO get_files:scan_sources: tailwindcss_oxide::scanner: Discovering "C:\\Users\\RATUL\\OneDrive\\Desktop\\Client Work\\Nandini\\src\\data"
2026-01-05T18:44:22.423422Z  INFO get_files:scan_sources: tailwindcss_oxide::scanner: Discovering "C:\\Users\\RATUL\\OneDrive\\Desktop\\Client Work\\Nandini\\src\\lib"
2026-01-05T18:44:22.424202Z  INFO get_files:scan_sources: tailwindcss_oxide::scanner: Discovering "C:\\Users\\RATUL\\OneDrive\\Desktop\\Client Work\\Nandini\\src\\types"
2026-01-05T18:44:22.424639Z  INFO get_files:scan_sources: tailwindcss_oxide::scanner: exit
2026-01-05T18:44:22.424829Z  INFO get_files: tailwindcss_oxide::scanner: exit
2026-01-05T18:44:22.425248Z  INFO get_globs: tailwindcss_oxide::scanner: enter
2026-01-05T18:44:22.425261Z  INFO get_globs:scan_sources: tailwindcss_oxide::scanner: enter
2026-01-05T18:44:22.426162Z  INFO get_globs:scan_sources: tailwindcss_oxide::scanner: Discovering "C:\\Users\\RATUL\\OneDrive\\Desktop\\Client Work\\Nandini\\.firebase"
2026-01-05T18:44:22.426809Z  INFO get_globs:scan_sources: tailwindcss_oxide::scanner: Discovering "C:\\Users\\RATUL\\OneDrive\\Desktop\\Client Work\\Nandini\\functions"
2026-01-05T18:44:22.426985Z  INFO get_globs:scan_sources: tailwindcss_oxide::scanner: Discovering "C:\\Users\\RATUL\\OneDrive\\Desktop\\Client Work\\Nandini\\functions\\lib"
2026-01-05T18:44:22.427381Z  INFO get_globs:scan_sources: tailwindcss_oxide::scanner: Discovering "C:\\Users\\RATUL\\OneDrive\\Desktop\\Client Work\\Nandini\\functions\\src"
2026-01-05T18:44:22.428345Z  INFO get_globs:scan_sources: tailwindcss_oxide::scanner: Discovering "C:\\Users\\RATUL\\OneDrive\\Desktop\\Client Work\\Nandini\\public"
2026-01-05T18:44:22.428547Z  INFO get_globs:scan_sources: tailwindcss_oxide::scanner: Discovering "C:\\Users\\RATUL\\OneDrive\\Desktop\\Client Work\\Nandini\\public\\assets"
2026-01-05T18:44:22.428710Z  INFO get_globs:scan_sources: tailwindcss_oxide::scanner: Discovering "C:\\Users\\RATUL\\OneDrive\\Desktop\\Client Work\\Nandini\\public\\assets\\audio"
2026-01-05T18:44:22.428861Z  INFO get_globs:scan_sources: tailwindcss_oxide::scanner: Discovering "C:\\Users\\RATUL\\OneDrive\\Desktop\\Client Work\\Nandini\\public\\assets\\audio\\pronunciation"
2026-01-05T18:44:22.429012Z  INFO get_globs:scan_sources: tailwindcss_oxide::scanner: Discovering "C:\\Users\\RATUL\\OneDrive\\Desktop\\Client Work\\Nandini\\public\\assets\\audio\\pronunciation\\bengali"
2026-01-05T18:44:22.429209Z  INFO get_globs:scan_sources: tailwindcss_oxide::scanner: Discovering "C:\\Users\\RATUL\\OneDrive\\Desktop\\Client Work\\Nandini\\public\\assets\\audio\\pronunciation\\bengali\\letters"
2026-01-05T18:44:22.429394Z  INFO get_globs:scan_sources: tailwindcss_oxide::scanner: Discovering "C:\\Users\\RATUL\\OneDrive\\Desktop\\Client Work\\Nandini\\public\\assets\\audio\\pronunciation\\bengali\\phrases"
2026-01-05T18:44:22.429538Z  INFO get_globs:scan_sources: tailwindcss_oxide::scanner: Discovering "C:\\Users\\RATUL\\OneDrive\\Desktop\\Client Work\\Nandini\\public\\assets\\audio\\pronunciation\\bengali\\words"
2026-01-05T18:44:22.429714Z  INFO get_globs:scan_sources: tailwindcss_oxide::scanner: Discovering "C:\\Users\\RATUL\\OneDrive\\Desktop\\Client Work\\Nandini\\public\\assets\\audio\\pronunciation\\english"
2026-01-05T18:44:22.429840Z  INFO get_globs:scan_sources: tailwindcss_oxide::scanner: Discovering "C:\\Users\\RATUL\\OneDrive\\Desktop\\Client Work\\Nandini\\public\\assets\\audio\\pronunciation\\english\\letters"
2026-01-05T18:44:22.429974Z  INFO get_globs:scan_sources: tailwindcss_oxide::scanner: Discovering "C:\\Users\\RATUL\\OneDrive\\Desktop\\Client Work\\Nandini\\public\\assets\\audio\\pronunciation\\english\\phrases"
2026-01-05T18:44:22.430107Z  INFO get_globs:scan_sources: tailwindcss_oxide::scanner: Discovering "C:\\Users\\RATUL\\OneDrive\\Desktop\\Client Work\\Nandini\\public\\assets\\audio\\pronunciation\\english\\words"
2026-01-05T18:44:22.430261Z  INFO get_globs:scan_sources: tailwindcss_oxide::scanner: Discovering "C:\\Users\\RATUL\\OneDrive\\Desktop\\Client Work\\Nandini\\public\\assets\\audio\\pronunciation\\hindi"
2026-01-05T18:44:22.430382Z  INFO get_globs:scan_sources: tailwindcss_oxide::scanner: Discovering "C:\\Users\\RATUL\\OneDrive\\Desktop\\Client Work\\Nandini\\public\\assets\\audio\\pronunciation\\hindi\\letters"
2026-01-05T18:44:22.430526Z  INFO get_globs:scan_sources: tailwindcss_oxide::scanner: Discovering "C:\\Users\\RATUL\\OneDrive\\Desktop\\Client Work\\Nandini\\public\\assets\\audio\\pronunciation\\hindi\\phrases"
2026-01-05T18:44:22.430662Z  INFO get_globs:scan_sources: tailwindcss_oxide::scanner: Discovering "C:\\Users\\RATUL\\OneDrive\\Desktop\\Client Work\\Nandini\\public\\assets\\audio\\pronunciation\\hindi\\words"
2026-01-05T18:44:22.430865Z  INFO get_globs:scan_sources: tailwindcss_oxide::scanner: Discovering "C:\\Users\\RATUL\\OneDrive\\Desktop\\Client Work\\Nandini\\public\\assets\\data"
2026-01-05T18:44:22.431021Z  INFO get_globs:scan_sources: tailwindcss_oxide::scanner: Discovering "C:\\Users\\RATUL\\OneDrive\\Desktop\\Client Work\\Nandini\\public\\assets\\data\\pronunciation-seed"
2026-01-05T18:44:22.431160Z  INFO get_globs:scan_sources: tailwindcss_oxide::scanner: Discovering "C:\\Users\\RATUL\\OneDrive\\Desktop\\Client Work\\Nandini\\public\\assets\\data\\pronunciation-seed\\bengali"
2026-01-05T18:44:22.431530Z  INFO get_globs:scan_sources: tailwindcss_oxide::scanner: Discovering "C:\\Users\\RATUL\\OneDrive\\Desktop\\Client Work\\Nandini\\public\\assets\\data\\pronunciation-seed\\english"
2026-01-05T18:44:22.431824Z  INFO get_globs:scan_sources: tailwindcss_oxide::scanner: Discovering "C:\\Users\\RATUL\\OneDrive\\Desktop\\Client Work\\Nandini\\public\\assets\\data\\pronunciation-seed\\hindi"
2026-01-05T18:44:22.432080Z  INFO get_globs:scan_sources: tailwindcss_oxide::scanner: Discovering "C:\\Users\\RATUL\\OneDrive\\Desktop\\Client Work\\Nandini\\public\\assets\\documents"
2026-01-05T18:44:22.432239Z  INFO get_globs:scan_sources: tailwindcss_oxide::scanner: Discovering "C:\\Users\\RATUL\\OneDrive\\Desktop\\Client Work\\Nandini\\public\\assets\\documents\\practice-pdfs"
2026-01-05T18:44:22.432367Z  INFO get_globs:scan_sources: tailwindcss_oxide::scanner: Discovering "C:\\Users\\RATUL\\OneDrive\\Desktop\\Client Work\\Nandini\\public\\assets\\documents\\practice-pdfs\\bengali"
2026-01-05T18:44:22.432502Z  INFO get_globs:scan_sources: tailwindcss_oxide::scanner: Discovering "C:\\Users\\RATUL\\OneDrive\\Desktop\\Client Work\\Nandini\\public\\assets\\documents\\practice-pdfs\\english"
2026-01-05T18:44:22.432640Z  INFO get_globs:scan_sources: tailwindcss_oxide::scanner: Discovering "C:\\Users\\RATUL\\OneDrive\\Desktop\\Client Work\\Nandini\\public\\assets\\documents\\practice-pdfs\\hindi"
2026-01-05T18:44:22.432790Z  INFO get_globs:scan_sources: tailwindcss_oxide::scanner: Discovering "C:\\Users\\RATUL\\OneDrive\\Desktop\\Client Work\\Nandini\\public\\assets\\documents\\practice-problems"
2026-01-05T18:44:22.432910Z  INFO get_globs:scan_sources: tailwindcss_oxide::scanner: Discovering "C:\\Users\\RATUL\\OneDrive\\Desktop\\Client Work\\Nandini\\public\\assets\\documents\\practice-problems\\bengali"
2026-01-05T18:44:22.433039Z  INFO get_globs:scan_sources: tailwindcss_oxide::scanner: Discovering "C:\\Users\\RATUL\\OneDrive\\Desktop\\Client Work\\Nandini\\public\\assets\\documents\\practice-problems\\english"
2026-01-05T18:44:22.433169Z  INFO get_globs:scan_sources: tailwindcss_oxide::scanner: Discovering "C:\\Users\\RATUL\\OneDrive\\Desktop\\Client Work\\Nandini\\public\\assets\\documents\\practice-problems\\hindi"
2026-01-05T18:44:22.433341Z  INFO get_globs:scan_sources: tailwindcss_oxide::scanner: Discovering "C:\\Users\\RATUL\\OneDrive\\Desktop\\Client Work\\Nandini\\public\\assets\\fonts"
2026-01-05T18:44:22.433468Z  INFO get_globs:scan_sources: tailwindcss_oxide::scanner: Discovering "C:\\Users\\RATUL\\OneDrive\\Desktop\\Client Work\\Nandini\\public\\assets\\icons"
2026-01-05T18:44:22.433598Z  INFO get_globs:scan_sources: tailwindcss_oxide::scanner: Discovering "C:\\Users\\RATUL\\OneDrive\\Desktop\\Client Work\\Nandini\\public\\assets\\images"
2026-01-05T18:44:22.433788Z  INFO get_globs:scan_sources: tailwindcss_oxide::scanner: Discovering "C:\\Users\\RATUL\\OneDrive\\Desktop\\Client Work\\Nandini\\public\\assets\\images\\reviews"
2026-01-05T18:44:22.433994Z  INFO get_globs:scan_sources: tailwindcss_oxide::scanner: Discovering "C:\\Users\\RATUL\\OneDrive\\Desktop\\Client Work\\Nandini\\public\\assets\\videos"
2026-01-05T18:44:22.434115Z  INFO get_globs:scan_sources: tailwindcss_oxide::scanner: Discovering "C:\\Users\\RATUL\\OneDrive\\Desktop\\Client Work\\Nandini\\public\\assets\\videos\\recorded-lectures"
2026-01-05T18:44:22.434233Z  INFO get_globs:scan_sources: tailwindcss_oxide::scanner: Discovering "C:\\Users\\RATUL\\OneDrive\\Desktop\\Client Work\\Nandini\\public\\assets\\videos\\recorded-lectures\\bengali"
2026-01-05T18:44:22.434363Z  INFO get_globs:scan_sources: tailwindcss_oxide::scanner: Discovering "C:\\Users\\RATUL\\OneDrive\\Desktop\\Client Work\\Nandini\\public\\assets\\videos\\recorded-lectures\\english"
2026-01-05T18:44:22.434493Z  INFO get_globs:scan_sources: tailwindcss_oxide::scanner: Discovering "C:\\Users\\RATUL\\OneDrive\\Desktop\\Client Work\\Nandini\\public\\assets\\videos\\recorded-lectures\\hindi"
2026-01-05T18:44:22.434838Z  INFO get_globs:scan_sources: tailwindcss_oxide::scanner: Discovering "C:\\Users\\RATUL\\OneDrive\\Desktop\\Client Work\\Nandini\\scripts"
2026-01-05T18:44:22.435089Z  INFO get_globs:scan_sources: tailwindcss_oxide::scanner: Discovering "C:\\Users\\RATUL\\OneDrive\\Desktop\\Client Work\\Nandini\\src"
2026-01-05T18:44:22.435241Z  INFO get_globs:scan_sources: tailwindcss_oxide::scanner: Discovering "C:\\Users\\RATUL\\OneDrive\\Desktop\\Client Work\\Nandini\\src\\components"
2026-01-05T18:44:22.435466Z  INFO get_globs:scan_sources: tailwindcss_oxide::scanner: Discovering "C:\\Users\\RATUL\\OneDrive\\Desktop\\Client Work\\Nandini\\src\\components\\figma"
2026-01-05T18:44:22.435982Z  INFO get_globs:scan_sources: tailwindcss_oxide::scanner: Discovering "C:\\Users\\RATUL\\OneDrive\\Desktop\\Client Work\\Nandini\\src\\components\\ui"
2026-01-05T18:44:22.437312Z  INFO get_globs:scan_sources: tailwindcss_oxide::scanner: Discovering "C:\\Users\\RATUL\\OneDrive\\Desktop\\Client Work\\Nandini\\src\\context"
2026-01-05T18:44:22.437490Z  INFO get_globs:scan_sources: tailwindcss_oxide::scanner: Discovering "C:\\Users\\RATUL\\OneDrive\\Desktop\\Client Work\\Nandini\\src\\data"
2026-01-05T18:44:22.437876Z  INFO get_globs:scan_sources: tailwindcss_oxide::scanner: Discovering "C:\\Users\\RATUL\\OneDrive\\Desktop\\Client Work\\Nandini\\src\\lib"
2026-01-05T18:44:22.438836Z  INFO get_globs:scan_sources: tailwindcss_oxide::scanner: Discovering "C:\\Users\\RATUL\\OneDrive\\Desktop\\Client Work\\Nandini\\src\\types"
2026-01-05T18:44:22.439252Z  INFO get_globs:scan_sources: tailwindcss_oxide::scanner: exit
2026-01-05T18:44:22.471959Z  INFO get_globs: tailwindcss_oxide::scanner: exit
